Archive member included to satisfy reference by file (symbol)

C:\MCU_ARM\gcc-arm-none-eabi-10.3-2021.10\arm-none-eabi\lib\thumb\v6-m\nofp\libnosys.a(errno.o)
                              newlib_stubs.o (errno)
C:\MCU_ARM\gcc-arm-none-eabi-10.3-2021.10\lib\gcc\arm-none-eabi\10.3.1\thumb\v6-m\nofp\libgcc.a(_divsi3.o)
                              serial.o (__aeabi_idiv)
C:\MCU_ARM\gcc-arm-none-eabi-10.3-2021.10\lib\gcc\arm-none-eabi\10.3.1\thumb\v6-m\nofp\libgcc.a(_dvmd_tls.o)
                              C:\MCU_ARM\gcc-arm-none-eabi-10.3-2021.10\lib\gcc\arm-none-eabi\10.3.1\thumb\v6-m\nofp\libgcc.a(_divsi3.o) (__aeabi_idiv0)
C:\MCU_ARM\gcc-arm-none-eabi-10.3-2021.10\lib\gcc\arm-none-eabi\10.3.1\thumb\v6-m\nofp\libgcc.a(_arm_cmpdf2.o)
                              main.o (__aeabi_dcmplt)
C:\MCU_ARM\gcc-arm-none-eabi-10.3-2021.10\lib\gcc\arm-none-eabi\10.3.1\thumb\v6-m\nofp\libgcc.a(divsf3.o)
                              main.o (__aeabi_fdiv)
C:\MCU_ARM\gcc-arm-none-eabi-10.3-2021.10\lib\gcc\arm-none-eabi\10.3.1\thumb\v6-m\nofp\libgcc.a(mulsf3.o)
                              main.o (__aeabi_fmul)
C:\MCU_ARM\gcc-arm-none-eabi-10.3-2021.10\lib\gcc\arm-none-eabi\10.3.1\thumb\v6-m\nofp\libgcc.a(subsf3.o)
                              main.o (__aeabi_fsub)
C:\MCU_ARM\gcc-arm-none-eabi-10.3-2021.10\lib\gcc\arm-none-eabi\10.3.1\thumb\v6-m\nofp\libgcc.a(fixsfsi.o)
                              main.o (__aeabi_f2iz)
C:\MCU_ARM\gcc-arm-none-eabi-10.3-2021.10\lib\gcc\arm-none-eabi\10.3.1\thumb\v6-m\nofp\libgcc.a(floatsisf.o)
                              main.o (__aeabi_i2f)
C:\MCU_ARM\gcc-arm-none-eabi-10.3-2021.10\lib\gcc\arm-none-eabi\10.3.1\thumb\v6-m\nofp\libgcc.a(divdf3.o)
                              main.o (__aeabi_ddiv)
C:\MCU_ARM\gcc-arm-none-eabi-10.3-2021.10\lib\gcc\arm-none-eabi\10.3.1\thumb\v6-m\nofp\libgcc.a(eqdf2.o)
                              C:\MCU_ARM\gcc-arm-none-eabi-10.3-2021.10\lib\gcc\arm-none-eabi\10.3.1\thumb\v6-m\nofp\libgcc.a(_arm_cmpdf2.o) (__eqdf2)
C:\MCU_ARM\gcc-arm-none-eabi-10.3-2021.10\lib\gcc\arm-none-eabi\10.3.1\thumb\v6-m\nofp\libgcc.a(gedf2.o)
                              C:\MCU_ARM\gcc-arm-none-eabi-10.3-2021.10\lib\gcc\arm-none-eabi\10.3.1\thumb\v6-m\nofp\libgcc.a(_arm_cmpdf2.o) (__gedf2)
C:\MCU_ARM\gcc-arm-none-eabi-10.3-2021.10\lib\gcc\arm-none-eabi\10.3.1\thumb\v6-m\nofp\libgcc.a(ledf2.o)
                              C:\MCU_ARM\gcc-arm-none-eabi-10.3-2021.10\lib\gcc\arm-none-eabi\10.3.1\thumb\v6-m\nofp\libgcc.a(_arm_cmpdf2.o) (__ledf2)
C:\MCU_ARM\gcc-arm-none-eabi-10.3-2021.10\lib\gcc\arm-none-eabi\10.3.1\thumb\v6-m\nofp\libgcc.a(muldf3.o)
                              main.o (__aeabi_dmul)
C:\MCU_ARM\gcc-arm-none-eabi-10.3-2021.10\lib\gcc\arm-none-eabi\10.3.1\thumb\v6-m\nofp\libgcc.a(subdf3.o)
                              main.o (__aeabi_dsub)
C:\MCU_ARM\gcc-arm-none-eabi-10.3-2021.10\lib\gcc\arm-none-eabi\10.3.1\thumb\v6-m\nofp\libgcc.a(fixdfsi.o)
                              main.o (__aeabi_d2iz)
C:\MCU_ARM\gcc-arm-none-eabi-10.3-2021.10\lib\gcc\arm-none-eabi\10.3.1\thumb\v6-m\nofp\libgcc.a(floatsidf.o)
                              main.o (__aeabi_i2d)
C:\MCU_ARM\gcc-arm-none-eabi-10.3-2021.10\lib\gcc\arm-none-eabi\10.3.1\thumb\v6-m\nofp\libgcc.a(extendsfdf2.o)
                              main.o (__aeabi_f2d)
C:\MCU_ARM\gcc-arm-none-eabi-10.3-2021.10\lib\gcc\arm-none-eabi\10.3.1\thumb\v6-m\nofp\libgcc.a(truncdfsf2.o)
                              main.o (__aeabi_d2f)
C:\MCU_ARM\gcc-arm-none-eabi-10.3-2021.10\lib\gcc\arm-none-eabi\10.3.1\thumb\v6-m\nofp\libgcc.a(_udivsi3.o)
                              C:\MCU_ARM\gcc-arm-none-eabi-10.3-2021.10\lib\gcc\arm-none-eabi\10.3.1\thumb\v6-m\nofp\libgcc.a(divdf3.o) (__aeabi_uidivmod)
C:\MCU_ARM\gcc-arm-none-eabi-10.3-2021.10\lib\gcc\arm-none-eabi\10.3.1\thumb\v6-m\nofp\libgcc.a(_clzsi2.o)
                              C:\MCU_ARM\gcc-arm-none-eabi-10.3-2021.10\lib\gcc\arm-none-eabi\10.3.1\thumb\v6-m\nofp\libgcc.a(divsf3.o) (__clzsi2)
C:\MCU_ARM\gcc-arm-none-eabi-10.3-2021.10\arm-none-eabi\lib\thumb\v6-m\nofp\libc_nano.a(lib_a-fflush.o)
                              main.o (fflush)
C:\MCU_ARM\gcc-arm-none-eabi-10.3-2021.10\arm-none-eabi\lib\thumb\v6-m\nofp\libc_nano.a(lib_a-findfp.o)
                              C:\MCU_ARM\gcc-arm-none-eabi-10.3-2021.10\arm-none-eabi\lib\thumb\v6-m\nofp\libc_nano.a(lib_a-fflush.o) (__sinit)
C:\MCU_ARM\gcc-arm-none-eabi-10.3-2021.10\arm-none-eabi\lib\thumb\v6-m\nofp\libc_nano.a(lib_a-fwalk.o)
                              C:\MCU_ARM\gcc-arm-none-eabi-10.3-2021.10\arm-none-eabi\lib\thumb\v6-m\nofp\libc_nano.a(lib_a-findfp.o) (_fwalk)
C:\MCU_ARM\gcc-arm-none-eabi-10.3-2021.10\arm-none-eabi\lib\thumb\v6-m\nofp\libc_nano.a(lib_a-impure.o)
                              C:\MCU_ARM\gcc-arm-none-eabi-10.3-2021.10\arm-none-eabi\lib\thumb\v6-m\nofp\libc_nano.a(lib_a-fflush.o) (_global_impure_ptr)
C:\MCU_ARM\gcc-arm-none-eabi-10.3-2021.10\arm-none-eabi\lib\thumb\v6-m\nofp\libc_nano.a(lib_a-lock.o)
[...]
Memory Configuration

Name             Origin             Length             Attributes
flash            0x08000000         0x00010000
ram              0x20000000         0x00002000
*default*        0x00000000         0xffffffff

Linker script and memory map

LOAD main.o
LOAD startup.o
LOAD serial.o
LOAD newlib_stubs.o
LOAD lcd.o
LOAD C:\MCU_ARM\gcc-arm-none-eabi-10.3-2021.10\arm-none-eabi\lib\thumb\v6-m\nofp\libnosys.a
LOAD C:\MCU_ARM\gcc-arm-none-eabi-10.3-2021.10\lib\gcc\arm-none-eabi\10.3.1\thumb\v6-m\nofp\libgcc.a
START GROUP
LOAD C:\MCU_ARM\gcc-arm-none-eabi-10.3-2021.10\lib\gcc\arm-none-eabi\10.3.1\thumb\v6-m\nofp\libgcc.a
LOAD C:\MCU_ARM\gcc-arm-none-eabi-10.3-2021.10\arm-none-eabi\lib\thumb\v6-m\nofp\libc_nano.a
LOAD C:\MCU_ARM\gcc-arm-none-eabi-10.3-2021.10\arm-none-eabi\lib\thumb\v6-m\nofp\libm.a
END GROUP

.text           0x08000000     0x8b54
 *(.vectors)
 .vectors       0x08000000       0xb8 startup.o
                0x08000000                Vectors
 *(.after_vectors*)
 .after_vectors
                0x080000b8       0x28 startup.o
                0x080000b8                ResetInit
 *(.text*)
 .text          0x080000e0      0xfa4 main.o
                0x080000e0                delay
                0x080000fe                Configure_Pins
                0x08000204                wait_1ms
                0x0800023c                waitms
                0x0800025e                Set_Pin_Input
                0x0800031c                Set_Pin_Output
                0x080003d4                GetPeriod
                0x080004d0                record
                0x08000538                delete
                0x0800061c                rec_page
                0x080007d0                man_set
                0x08000964                setting_page
                0x08000a9c                check_cap
                0x08000be8                main
 .text          0x08001084      0x1a8 startup.o
                0x080010fc                initClock
                0x08001204                EXTI2_3_Handler
                0x08001204                TIM21_Handler
                0x08001204                SysTick_Handler
                0x08001204                I2C1_Handler
                0x08001204                PendSV_Handler
                0x08001204                NMI_Handler
                0x08001204                WWDG_Handler
                0x08001204                RTC_Handler
                0x08001204                EXTI4_15_Handler
                0x08001204                TIM2_Handler
                0x08001204                DMA_CH4_5_6_7_Handler
                0x08001204                Default_Handler
                0x08001204                LPUART1_Handler
                0x08001204                FLASH_Handler
                0x08001204                EXTI0_1_Handler
                0x08001204                DMA_CH1_Handler
                0x08001204                SPI2_Handler
                0x08001204                DMA_CH2_3_Handler
                0x08001204                I2C2_Handler
                0x08001204                SVC_Handler
                0x08001204                LPTIM1_Handler
                0x08001204                USART2_Handler
                0x08001204                SPI1_Handler
                0x08001204                RCC_Handler
                0x08001204                PVD_Handler
                0x08001204                TIM6_Handler
                0x08001204                TIM22_Handler
                0x08001204                ADC_COMP_Handler
                0x08001218                Hard_Fault_Handler
 .text          0x0800122c      0x5b4 serial.o
                0x0800122c                ReadCom
                0x080012a0                WriteCom
                0x08001340                initUART
                0x08001490                USART1_Handler
                0x080014bc                usart_rx
                0x080014ec                usart_tx
                0x08001554                PutBuf
                0x080015b6                GetBuf
                0x0800160c                GetBufCount
                0x08001620                eputs
                0x0800165c                eputc
                0x0800167a                egetc
                0x08001694                egets
                0x08001720                egetc_echo
                0x08001746                egets_echo
 .text          0x080017e0      0x29c newlib_stubs.o
                0x080017e0                _exit
                0x080017ea                _close
                0x080017fe                _execve
                0x08001820                _fork
                0x08001838                _fstat
                0x08001854                _getpid
                0x08001860                _kill
                0x08001880                _link
                0x080018a0                _lseek
                0x080018b6                _stat
                0x080018d2                _times
                0x080018e6                _unlink
                0x08001904                _wait
                0x08001924                _isatty
                0x0800194c                _sbrk
                0x080019b0                _read
                0x08001a28                _write
 .text          0x08001a7c      0x42c lcd.o
                0x08001a7c                Delay_us
                0x08001adc                waitms_lcd
                0x08001b28                LCD_pulse
                0x08001b58                LCD_byte
                0x08001cda                WriteData
                0x08001d0e                WriteCommand
                0x08001d42                LCD_4BIT
                0x08001d8c                LCDprint
                0x08001e08                LCDprint1
 .text          0x08001ea8        0x0 C:\MCU_ARM\gcc-arm-none-eabi-10.3-2021.10\arm-none-eabi\lib\thumb\v6-m\nofp\libnosys.a(errno.o)
 .text          0x08001ea8      0x1d4 C:\MCU_ARM\gcc-arm-none-eabi-10.3-2021.10\lib\gcc\arm-none-eabi\10.3.1\thumb\v6-m\nofp\libgcc.a(_divsi3.o)
                0x08001ea8                __divsi3
                0x08001ea8                __aeabi_idiv
                0x08002074                __aeabi_idivmod
 .text          0x0800207c        0x4 C:\MCU_ARM\gcc-arm-none-eabi-10.3-2021.10\lib\gcc\arm-none-eabi\10.3.1\thumb\v6-m\nofp\libgcc.a(_dvmd_tls.o)
                0x0800207c                __aeabi_idiv0
                0x0800207c                __aeabi_ldiv0
 .text          0x08002080       0x7c C:\MCU_ARM\gcc-arm-none-eabi-10.3-2021.10\lib\gcc\arm-none-eabi\10.3.1\thumb\v6-m\nofp\libgcc.a(_arm_cmpdf2.o)
                0x08002080                __aeabi_cdrcmple
                0x08002090                __aeabi_cdcmple
                0x08002090                __aeabi_cdcmpeq
                0x080020a0                __aeabi_dcmpeq
                0x080020ac                __aeabi_dcmplt
                0x080020c0                __aeabi_dcmple
                0x080020d4                __aeabi_dcmpgt
                0x080020e8                __aeabi_dcmpge
 .text          0x080020fc      0x230 C:\MCU_ARM\gcc-arm-none-eabi-10.3-2021.10\lib\gcc\arm-none-eabi\10.3.1\thumb\v6-m\nofp\libgcc.a(divsf3.o)
                0x080020fc                __aeabi_fdiv
 .text          0x0800232c      0x24c C:\MCU_ARM\gcc-arm-none-eabi-10.3-2021.10\lib\gcc\arm-none-eabi\10.3.1\thumb\v6-m\nofp\libgcc.a(mulsf3.o)
                0x0800232c                __aeabi_fmul
 .text          0x08002578      0x35c C:\MCU_ARM\gcc-arm-none-eabi-10.3-2021.10\lib\gcc\arm-none-eabi\10.3.1\thumb\v6-m\nofp\libgcc.a(subsf3.o)
                0x08002578                __aeabi_fsub
 .text          0x080028d4       0x40 C:\MCU_ARM\gcc-arm-none-eabi-10.3-2021.10\lib\gcc\arm-none-eabi\10.3.1\thumb\v6-m\nofp\libgcc.a(fixsfsi.o)
                0x080028d4                __aeabi_f2iz
 .text          0x08002914       0x9c C:\MCU_ARM\gcc-arm-none-eabi-10.3-2021.10\lib\gcc\arm-none-eabi\10.3.1\thumb\v6-m\nofp\libgcc.a(floatsisf.o)
                0x08002914                __aeabi_i2f
 .text          0x080029b0      0x5ec C:\MCU_ARM\gcc-arm-none-eabi-10.3-2021.10\lib\gcc\arm-none-eabi\10.3.1\thumb\v6-m\nofp\libgcc.a(divdf3.o)
                0x080029b0                __aeabi_ddiv
 .text          0x08002f9c       0x84 C:\MCU_ARM\gcc-arm-none-eabi-10.3-2021.10\lib\gcc\arm-none-eabi\10.3.1\thumb\v6-m\nofp\libgcc.a(eqdf2.o)
                0x08002f9c                __nedf2
                0x08002f9c                __eqdf2
 .text          0x08003020       0xcc C:\MCU_ARM\gcc-arm-none-eabi-10.3-2021.10\lib\gcc\arm-none-eabi\10.3.1\thumb\v6-m\nofp\libgcc.a(gedf2.o)
                0x08003020                __gedf2
                0x08003020                __gtdf2
 .text          0x080030ec       0xc8 C:\MCU_ARM\gcc-arm-none-eabi-10.3-2021.10\lib\gcc\arm-none-eabi\10.3.1\thumb\v6-m\nofp\libgcc.a(ledf2.o)
                0x080030ec                __ledf2
                0x080030ec                __ltdf2
 .text          0x080031b4      0x4d8 C:\MCU_ARM\gcc-arm-none-eabi-10.3-2021.10\lib\gcc\arm-none-eabi\10.3.1\thumb\v6-m\nofp\libgcc.a(muldf3.o)
                0x080031b4                __aeabi_dmul
 .text          0x0800368c      0x724 C:\MCU_ARM\gcc-arm-none-eabi-10.3-2021.10\lib\gcc\arm-none-eabi\10.3.1\thumb\v6-m\nofp\libgcc.a(subdf3.o)
                0x0800368c                __aeabi_dsub
 .text          0x08003db0       0x6c C:\MCU_ARM\gcc-arm-none-eabi-10.3-2021.10\lib\gcc\arm-none-eabi\10.3.1\thumb\v6-m\nofp\libgcc.a(fixdfsi.o)
                0x08003db0                __aeabi_d2iz
 .text          0x08003e1c       0x60 C:\MCU_ARM\gcc-arm-none-eabi-10.3-2021.10\lib\gcc\arm-none-eabi\10.3.1\thumb\v6-m\nofp\libgcc.a(floatsidf.o)
                0x08003e1c                __aeabi_i2d
 .text          0x08003e7c       0x90 C:\MCU_ARM\gcc-arm-none-eabi-10.3-2021.10\lib\gcc\arm-none-eabi\10.3.1\thumb\v6-m\nofp\libgcc.a(extendsfdf2.o)
                0x08003e7c                __aeabi_f2d
 .text          0x08003f0c      0x110 C:\MCU_ARM\gcc-arm-none-eabi-10.3-2021.10\lib\gcc\arm-none-eabi\10.3.1\thumb\v6-m\nofp\libgcc.a(truncdfsf2.o)
                0x08003f0c                __aeabi_d2f
 .text          0x0800401c      0x114 C:\MCU_ARM\gcc-arm-none-eabi-10.3-2021.10\lib\gcc\arm-none-eabi\10.3.1\thumb\v6-m\nofp\libgcc.a(_udivsi3.o)
                0x0800401c                __aeabi_uidiv
                0x0800401c                __udivsi3
                0x08004128                __aeabi_uidivmod
 .text          0x08004130       0x3c C:\MCU_ARM\gcc-arm-none-eabi-10.3-2021.10\lib\gcc\arm-none-eabi\10.3.1\thumb\v6-m\nofp\libgcc.a(_clzsi2.o)
                0x08004130                __clzsi2
 .text          0x0800416c        0x0 C:\MCU_ARM\gcc-arm-none-eabi-10.3-2021.10\arm-none-eabi\lib\thumb\v6-m\nofp\libc_nano.a(lib_a-fflush.o)
 .text.__sflush_r
                0x0800416c      0x118 C:\MCU_ARM\gcc-arm-none-eabi-10.3-2021.10\arm-none-eabi\lib\thumb\v6-m\nofp\libc_nano.a(lib_a-fflush.o)
                0x0800416c                __sflush_r
 .text._fflush_r
                0x08004284       0x80 C:\MCU_ARM\gcc-arm-none-eabi-10.3-2021.10\arm-none-eabi\lib\thumb\v6-m\nofp\libc_nano.a(lib_a-fflush.o)
                0x08004284                _fflush_r
 .text.fflush   0x08004304       0x2c C:\MCU_ARM\gcc-arm-none-eabi-10.3-2021.10\arm-none-eabi\lib\thumb\v6-m\nofp\libc_nano.a(lib_a-fflush.o)
                0x08004304                fflush
 .text          0x08004330        0x0 C:\MCU_ARM\gcc-arm-none-eabi-10.3-2021.10\arm-none-eabi\lib\thumb\v6-m\nofp\libc_nano.a(lib_a-findfp.o)
 .text.std      0x08004330       0x48 C:\MCU_ARM\gcc-arm-none-eabi-10.3-2021.10\arm-none-eabi\lib\thumb\v6-m\nofp\libc_nano.a(lib_a-findfp.o)
 .text._cleanup_r
                0x08004378       0x10 C:\MCU_ARM\gcc-arm-none-eabi-10.3-2021.10\arm-none-eabi\lib\thumb\v6-m\nofp\libc_nano.a(lib_a-findfp.o)
                0x08004378                _cleanup_r
 .text.__fp_lock
                0x08004388       0x18 C:\MCU_ARM\gcc-arm-none-eabi-10.3-2021.10\arm-none-eabi\lib\thumb\v6-m\nofp\libc_nano.a(lib_a-findfp.o)
 .text.__fp_unlock
                0x080043a0       0x18 C:\MCU_ARM\gcc-arm-none-eabi-10.3-2021.10\arm-none-eabi\lib\thumb\v6-m\nofp\libc_nano.a(lib_a-findfp.o)
 .text.__sfmoreglue
                0x080043b8       0x2c C:\MCU_ARM\gcc-arm-none-eabi-10.3-2021.10\arm-none-eabi\lib\thumb\v6-m\nofp\libc_nano.a(lib_a-findfp.o)
                0x080043b8                __sfmoreglue
 .text._cleanup
                0x080043e4       0x10 C:\MCU_ARM\gcc-arm-none-eabi-10.3-2021.10\arm-none-eabi\lib\thumb\v6-m\nofp\libc_nano.a(lib_a-findfp.o)
                0x080043e4                _cleanup
 .text.__sfp_lock_acquire
                0x080043f4       0x10 C:\MCU_ARM\gcc-arm-none-eabi-10.3-2021.10\arm-none-eabi\lib\thumb\v6-m\nofp\libc_nano.a(lib_a-findfp.o)
                0x080043f4                __sfp_lock_acquire
 .text.__sfp_lock_release
                0x08004404       0x10 C:\MCU_ARM\gcc-arm-none-eabi-10.3-2021.10\arm-none-eabi\lib\thumb\v6-m\nofp\libc_nano.a(lib_a-findfp.o)
                0x08004404                __sfp_lock_release
 .text.__sinit_lock_acquire
                0x08004414       0x10 C:\MCU_ARM\gcc-arm-none-eabi-10.3-2021.10\arm-none-eabi\lib\thumb\v6-m\nofp\libc_nano.a(lib_a-findfp.o)
                0x08004414                __sinit_lock_acquire
 .text.__sinit_lock_release
                0x08004424       0x10 C:\MCU_ARM\gcc-arm-none-eabi-10.3-2021.10\arm-none-eabi\lib\thumb\v6-m\nofp\libc_nano.a(lib_a-findfp.o)
                0x08004424                __sinit_lock_release
 .text.__sinit  0x08004434       0x70 C:\MCU_ARM\gcc-arm-none-eabi-10.3-2021.10\arm-none-eabi\lib\thumb\v6-m\nofp\libc_nano.a(lib_a-findfp.o)
                0x08004434                __sinit
 .text.__sfp    0x080044a4       0x90 C:\MCU_ARM\gcc-arm-none-eabi-10.3-2021.10\arm-none-eabi\lib\thumb\v6-m\nofp\libc_nano.a(lib_a-findfp.o)
                0x080044a4                __sfp
 .text.__fp_lock_all
                0x08004534       0x1c C:\MCU_ARM\gcc-arm-none-eabi-10.3-2021.10\arm-none-eabi\lib\thumb\v6-m\nofp\libc_nano.a(lib_a-findfp.o)
                0x08004534                __fp_lock_all
 .text.__fp_unlock_all
                0x08004550       0x1c C:\MCU_ARM\gcc-arm-none-eabi-10.3-2021.10\arm-none-eabi\lib\thumb\v6-m\nofp\libc_nano.a(lib_a-findfp.o)
                0x08004550                __fp_unlock_all
 .text          0x0800456c        0x0 C:\MCU_ARM\gcc-arm-none-eabi-10.3-2021.10\arm-none-eabi\lib\thumb\v6-m\nofp\libc_nano.a(lib_a-fwalk.o)
 .text._fwalk   0x0800456c       0x36 C:\MCU_ARM\gcc-arm-none-eabi-10.3-2021.10\arm-none-eabi\lib\thumb\v6-m\nofp\libc_nano.a(lib_a-fwalk.o)
                0x0800456c                _fwalk
 .text._fwalk_reent
                0x080045a2       0x40 C:\MCU_ARM\gcc-arm-none-eabi-10.3-2021.10\arm-none-eabi\lib\thumb\v6-m\nofp\libc_nano.a(lib_a-fwalk.o)
                0x080045a2                _fwalk_reent
 .text          0x080045e2        0x0 C:\MCU_ARM\gcc-arm-none-eabi-10.3-2021.10\arm-none-eabi\lib\thumb\v6-m\nofp\libc_nano.a(lib_a-impure.o)
 .text          0x080045e2        0x0 C:\MCU_ARM\gcc-arm-none-eabi-10.3-2021.10\arm-none-eabi\lib\thumb\v6-m\nofp\libc_nano.a(lib_a-lock.o)
 .text.__retarget_lock_init
                0x080045e2        0x2 C:\MCU_ARM\gcc-arm-none-eabi-10.3-2021.10\arm-none-eabi\lib\thumb\v6-m\nofp\libc_nano.a(lib_a-lock.o)
                0x080045e2                __retarget_lock_init
 .text.__retarget_lock_init_recursive
                0x080045e4        0x2 C:\MCU_ARM\gcc-arm-none-eabi-10.3-2021.10\arm-none-eabi\lib\thumb\v6-m\nofp\libc_nano.a(lib_a-lock.o)
                0x080045e4                __retarget_lock_init_recursive
 .text.__retarget_lock_close
                0x080045e6        0x2 C:\MCU_ARM\gcc-arm-none-eabi-10.3-2021.10\arm-none-eabi\lib\thumb\v6-m\nofp\libc_nano.a(lib_a-lock.o)
                0x080045e6                __retarget_lock_close
 .text.__retarget_lock_close_recursive
                0x080045e8        0x2 C:\MCU_ARM\gcc-arm-none-eabi-10.3-2021.10\arm-none-eabi\lib\thumb\v6-m\nofp\libc_nano.a(lib_a-lock.o)
                0x080045e8                __retarget_lock_close_recursive
 .text.__retarget_lock_acquire
                0x080045ea        0x2 C:\MCU_ARM\gcc-arm-none-eabi-10.3-2021.10\arm-none-eabi\lib\thumb\v6-m\nofp\libc_nano.a(lib_a-lock.o)
                0x080045ea                __retarget_lock_acquire
 .text.__retarget_lock_acquire_recursive
                0x080045ec        0x2 C:\MCU_ARM\gcc-arm-none-eabi-10.3-2021.10\arm-none-eabi\lib\thumb\v6-m\nofp\libc_nano.a(lib_a-lock.o)
                0x080045ec                __retarget_lock_acquire_recursive
 .text.__retarget_lock_try_acquire
                0x080045ee        0x4 C:\MCU_ARM\gcc-arm-none-eabi-10.3-2021.10\arm-none-eabi\lib\thumb\v6-m\nofp\libc_nano.a(lib_a-lock.o)
                0x080045ee                __retarget_lock_try_acquire
 .text.__retarget_lock_try_acquire_recursive
                0x080045f2        0x4 C:\MCU_ARM\gcc-arm-none-eabi-10.3-2021.10\arm-none-eabi\lib\thumb\v6-m\nofp\libc_nano.a(lib_a-lock.o)
                0x080045f2                __retarget_lock_try_acquire_recursive
 .text.__retarget_lock_release
                0x080045f6        0x2 C:\MCU_ARM\gcc-arm-none-eabi-10.3-2021.10\arm-none-eabi\lib\thumb\v6-m\nofp\libc_nano.a(lib_a-lock.o)
                0x080045f6                __retarget_lock_release
 .text.__retarget_lock_release_recursive
                0x080045f8        0x2 C:\MCU_ARM\gcc-arm-none-eabi-10.3-2021.10\arm-none-eabi\lib\thumb\v6-m\nofp\libc_nano.a(lib_a-lock.o)
                0x080045f8                __retarget_lock_release_recursive
 .text          0x080045fa        0x0 C:\MCU_ARM\gcc-arm-none-eabi-10.3-2021.10\arm-none-eabi\lib\thumb\v6-m\nofp\libc_nano.a(lib_a-memset.o)
 .text.memset   0x080045fa       0x10 C:\MCU_ARM\gcc-arm-none-eabi-10.3-2021.10\arm-none-eabi\lib\thumb\v6-m\nofp\libc_nano.a(lib_a-memset.o)
                0x080045fa                memset
 .text          0x0800460a        0x0 C:\MCU_ARM\gcc-arm-none-eabi-10.3-2021.10\arm-none-eabi\lib\thumb\v6-m\nofp\libc_nano.a(lib_a-nano-freer.o)
 *fill*         0x0800460a        0x2 
 .text._free_r  0x0800460c       0x94 C:\MCU_ARM\gcc-arm-none-eabi-10.3-2021.10\arm-none-eabi\lib\thumb\v6-m\nofp\libc_nano.a(lib_a-nano-freer.o)
                0x0800460c                _free_r
 .text          0x080046a0        0x0 C:\MCU_ARM\gcc-arm-none-eabi-10.3-2021.10\arm-none-eabi\lib\thumb\v6-m\nofp\libc_nano.a(lib_a-nano-mallocr.o)
 .text.sbrk_aligned
                0x080046a0       0x44 C:\MCU_ARM\gcc-arm-none-eabi-10.3-2021.10\arm-none-eabi\lib\thumb\v6-m\nofp\libc_nano.a(lib_a-nano-mallocr.o)
 .text._malloc_r
                0x080046e4       0xec C:\MCU_ARM\gcc-arm-none-eabi-10.3-2021.10\arm-none-eabi\lib\thumb\v6-m\nofp\libc_nano.a(lib_a-nano-mallocr.o)
                0x080046e4                _malloc_r
 .text          0x080047d0        0x0 C:\MCU_ARM\gcc-arm-none-eabi-10.3-2021.10\arm-none-eabi\lib\thumb\v6-m\nofp\libc_nano.a(lib_a-nano-vfprintf_float.o)
 .text.__cvt    0x080047d0       0xc6 C:\MCU_ARM\gcc-arm-none-eabi-10.3-2021.10\arm-none-eabi\lib\thumb\v6-m\nofp\libc_nano.a(lib_a-nano-vfprintf_float.o)
                0x080047d0                __cvt
 .text.__exponent
                0x08004896       0x8e C:\MCU_ARM\gcc-arm-none-eabi-10.3-2021.10\arm-none-eabi\lib\thumb\v6-m\nofp\libc_nano.a(lib_a-nano-vfprintf_float.o)
                0x08004896                __exponent
 .text._printf_float
                0x08004924      0x484 C:\MCU_ARM\gcc-arm-none-eabi-10.3-2021.10\arm-none-eabi\lib\thumb\v6-m\nofp\libc_nano.a(lib_a-nano-vfprintf_float.o)
                0x08004924                _printf_float
 .text          0x08004da8        0x0 C:\MCU_ARM\gcc-arm-none-eabi-10.3-2021.10\arm-none-eabi\lib\thumb\v6-m\nofp\libc_nano.a(lib_a-nano-vfprintf_i.o)
 .text._printf_common
                0x08004da8       0xde C:\MCU_ARM\gcc-arm-none-eabi-10.3-2021.10\arm-none-eabi\lib\thumb\v6-m\nofp\libc_nano.a(lib_a-nano-vfprintf_i.o)
                0x08004da8                _printf_common
 *fill*         0x08004e86        0x2 
 .text._printf_i
                0x08004e88      0x224 C:\MCU_ARM\gcc-arm-none-eabi-10.3-2021.10\arm-none-eabi\lib\thumb\v6-m\nofp\libc_nano.a(lib_a-nano-vfprintf_i.o)
                0x08004e88                _printf_i
 .text          0x080050ac        0x0 C:\MCU_ARM\gcc-arm-none-eabi-10.3-2021.10\arm-none-eabi\lib\thumb\v6-m\nofp\libc_nano.a(lib_a-printf.o)
 .text._printf_r
                0x080050ac       0x28 C:\MCU_ARM\gcc-arm-none-eabi-10.3-2021.10\arm-none-eabi\lib\thumb\v6-m\nofp\libc_nano.a(lib_a-printf.o)
                0x080050ac                _iprintf_r
                0x080050ac                _printf_r
 .text.printf   0x080050d4       0x34 C:\MCU_ARM\gcc-arm-none-eabi-10.3-2021.10\arm-none-eabi\lib\thumb\v6-m\nofp\libc_nano.a(lib_a-printf.o)
                0x080050d4                iprintf
                0x080050d4                printf
 .text          0x08005108        0x0 C:\MCU_ARM\gcc-arm-none-eabi-10.3-2021.10\arm-none-eabi\lib\thumb\v6-m\nofp\libc_nano.a(lib_a-puts.o)
 .text._puts_r  0x08005108       0xe4 C:\MCU_ARM\gcc-arm-none-eabi-10.3-2021.10\arm-none-eabi\lib\thumb\v6-m\nofp\libc_nano.a(lib_a-puts.o)
                0x08005108                _puts_r
 .text.puts     0x080051ec       0x14 C:\MCU_ARM\gcc-arm-none-eabi-10.3-2021.10\arm-none-eabi\lib\thumb\v6-m\nofp\libc_nano.a(lib_a-puts.o)
                0x080051ec                puts
 .text          0x08005200        0x0 C:\MCU_ARM\gcc-arm-none-eabi-10.3-2021.10\arm-none-eabi\lib\thumb\v6-m\nofp\libc_nano.a(lib_a-sbrkr.o)
 .text._sbrk_r  0x08005200       0x24 C:\MCU_ARM\gcc-arm-none-eabi-10.3-2021.10\arm-none-eabi\lib\thumb\v6-m\nofp\libc_nano.a(lib_a-sbrkr.o)
                0x08005200                _sbrk_r
 .text          0x08005224        0x0 C:\MCU_ARM\gcc-arm-none-eabi-10.3-2021.10\arm-none-eabi\lib\thumb\v6-m\nofp\libc_nano.a(lib_a-sprintf.o)
 .text._sprintf_r
                0x08005224       0x38 C:\MCU_ARM\gcc-arm-none-eabi-10.3-2021.10\arm-none-eabi\lib\thumb\v6-m\nofp\libc_nano.a(lib_a-sprintf.o)
                0x08005224                _sprintf_r
                0x08005224                _siprintf_r
 .text.sprintf  0x0800525c       0x40 C:\MCU_ARM\gcc-arm-none-eabi-10.3-2021.10\arm-none-eabi\lib\thumb\v6-m\nofp\libc_nano.a(lib_a-sprintf.o)
                0x0800525c                siprintf
                0x0800525c                sprintf
 .text          0x0800529c        0x0 C:\MCU_ARM\gcc-arm-none-eabi-10.3-2021.10\arm-none-eabi\lib\thumb\v6-m\nofp\libc_nano.a(lib_a-stdio.o)
 .text.__sread  0x0800529c       0x28 C:\MCU_ARM\gcc-arm-none-eabi-10.3-2021.10\arm-none-eabi\lib\thumb\v6-m\nofp\libc_nano.a(lib_a-stdio.o)
                0x0800529c                __sread
 .text.__seofread
                0x080052c4        0x4 C:\MCU_ARM\gcc-arm-none-eabi-10.3-2021.10\arm-none-eabi\lib\thumb\v6-m\nofp\libc_nano.a(lib_a-stdio.o)
                0x080052c4                __seofread
 .text.__swrite
                0x080052c8       0x38 C:\MCU_ARM\gcc-arm-none-eabi-10.3-2021.10\arm-none-eabi\lib\thumb\v6-m\nofp\libc_nano.a(lib_a-stdio.o)
                0x080052c8                __swrite
 .text.__sseek  0x08005300       0x2c C:\MCU_ARM\gcc-arm-none-eabi-10.3-2021.10\arm-none-eabi\lib\thumb\v6-m\nofp\libc_nano.a(lib_a-stdio.o)
                0x08005300                __sseek
 .text.__sclose
                0x0800532c        0xc C:\MCU_ARM\gcc-arm-none-eabi-10.3-2021.10\arm-none-eabi\lib\thumb\v6-m\nofp\libc_nano.a(lib_a-stdio.o)
                0x0800532c                __sclose
 .text          0x08005338        0xe C:\MCU_ARM\gcc-arm-none-eabi-10.3-2021.10\arm-none-eabi\lib\thumb\v6-m\nofp\libc_nano.a(lib_a-strlen.o)
                0x08005338                strlen
 .text          0x08005346        0x0 C:\MCU_ARM\gcc-arm-none-eabi-10.3-2021.10\arm-none-eabi\lib\thumb\v6-m\nofp\libc_nano.a(lib_a-wbuf.o)
 *fill*         0x08005346        0x2 
 .text.__swbuf_r
                0x08005348       0xac C:\MCU_ARM\gcc-arm-none-eabi-10.3-2021.10\arm-none-eabi\lib\thumb\v6-m\nofp\libc_nano.a(lib_a-wbuf.o)
                0x08005348                __swbuf_r
 .text.__swbuf  0x080053f4       0x14 C:\MCU_ARM\gcc-arm-none-eabi-10.3-2021.10\arm-none-eabi\lib\thumb\v6-m\nofp\libc_nano.a(lib_a-wbuf.o)
                0x080053f4                __swbuf
 .text          0x08005408        0x0 C:\MCU_ARM\gcc-arm-none-eabi-10.3-2021.10\arm-none-eabi\lib\thumb\v6-m\nofp\libc_nano.a(lib_a-writer.o)
 .text._write_r
                0x08005408       0x28 C:\MCU_ARM\gcc-arm-none-eabi-10.3-2021.10\arm-none-eabi\lib\thumb\v6-m\nofp\libc_nano.a(lib_a-writer.o)
                0x08005408                _write_r
 .text          0x08005430        0x0 C:\MCU_ARM\gcc-arm-none-eabi-10.3-2021.10\arm-none-eabi\lib\thumb\v6-m\nofp\libc_nano.a(lib_a-wsetup.o)
 .text.__swsetup_r
                0x08005430       0xf0 C:\MCU_ARM\gcc-arm-none-eabi-10.3-2021.10\arm-none-eabi\lib\thumb\v6-m\nofp\libc_nano.a(lib_a-wsetup.o)
                0x08005430                __swsetup_r
 .text          0x08005520        0x0 C:\MCU_ARM\gcc-arm-none-eabi-10.3-2021.10\arm-none-eabi\lib\thumb\v6-m\nofp\libc_nano.a(lib_a-closer.o)
 .text._close_r
                0x08005520       0x24 C:\MCU_ARM\gcc-arm-none-eabi-10.3-2021.10\arm-none-eabi\lib\thumb\v6-m\nofp\libc_nano.a(lib_a-closer.o)
                0x08005520                _close_r
 .text          0x08005544        0x0 C:\MCU_ARM\gcc-arm-none-eabi-10.3-2021.10\arm-none-eabi\lib\thumb\v6-m\nofp\libc_nano.a(lib_a-dtoa.o)
 .text.quorem   0x08005544      0x116 C:\MCU_ARM\gcc-arm-none-eabi-10.3-2021.10\arm-none-eabi\lib\thumb\v6-m\nofp\libc_nano.a(lib_a-dtoa.o)
 *fill*         0x0800565a        0x2 
 .text._dtoa_r  0x0800565c      0xc34 C:\MCU_ARM\gcc-arm-none-eabi-10.3-2021.10\arm-none-eabi\lib\thumb\v6-m\nofp\libc_nano.a(lib_a-dtoa.o)
                0x0800565c                _dtoa_r
 .text          0x08006290        0x0 C:\MCU_ARM\gcc-arm-none-eabi-10.3-2021.10\arm-none-eabi\lib\thumb\v6-m\nofp\libc_nano.a(lib_a-localeconv.o)
 .text.__localeconv_l
                0x08006290        0x4 C:\MCU_ARM\gcc-arm-none-eabi-10.3-2021.10\arm-none-eabi\lib\thumb\v6-m\nofp\libc_nano.a(lib_a-localeconv.o)
                0x08006290                __localeconv_l
 .text._localeconv_r
                0x08006294        0x8 C:\MCU_ARM\gcc-arm-none-eabi-10.3-2021.10\arm-none-eabi\lib\thumb\v6-m\nofp\libc_nano.a(lib_a-localeconv.o)
                0x08006294                _localeconv_r
 .text.localeconv
                0x0800629c        0x8 C:\MCU_ARM\gcc-arm-none-eabi-10.3-2021.10\arm-none-eabi\lib\thumb\v6-m\nofp\libc_nano.a(lib_a-localeconv.o)
                0x0800629c                localeconv
 .text          0x080062a4        0x0 C:\MCU_ARM\gcc-arm-none-eabi-10.3-2021.10\arm-none-eabi\lib\thumb\v6-m\nofp\libc_nano.a(lib_a-lseekr.o)
 .text._lseek_r
                0x080062a4       0x28 C:\MCU_ARM\gcc-arm-none-eabi-10.3-2021.10\arm-none-eabi\lib\thumb\v6-m\nofp\libc_nano.a(lib_a-lseekr.o)
                0x080062a4                _lseek_r
 .text          0x080062cc        0x0 C:\MCU_ARM\gcc-arm-none-eabi-10.3-2021.10\arm-none-eabi\lib\thumb\v6-m\nofp\libc_nano.a(lib_a-makebuf.o)
 .text.__swhatbuf_r
                0x080062cc       0x50 C:\MCU_ARM\gcc-arm-none-eabi-10.3-2021.10\arm-none-eabi\lib\thumb\v6-m\nofp\libc_nano.a(lib_a-makebuf.o)
                0x080062cc                __swhatbuf_r
 .text.__smakebuf_r
                0x0800631c       0x88 C:\MCU_ARM\gcc-arm-none-eabi-10.3-2021.10\arm-none-eabi\lib\thumb\v6-m\nofp\libc_nano.a(lib_a-makebuf.o)
                0x0800631c                __smakebuf_r
 .text          0x080063a4        0x0 C:\MCU_ARM\gcc-arm-none-eabi-10.3-2021.10\arm-none-eabi\lib\thumb\v6-m\nofp\libc_nano.a(lib_a-malloc.o)
 .text.malloc   0x080063a4       0x14 C:\MCU_ARM\gcc-arm-none-eabi-10.3-2021.10\arm-none-eabi\lib\thumb\v6-m\nofp\libc_nano.a(lib_a-malloc.o)
                0x080063a4                malloc
 .text.free     0x080063b8       0x14 C:\MCU_ARM\gcc-arm-none-eabi-10.3-2021.10\arm-none-eabi\lib\thumb\v6-m\nofp\libc_nano.a(lib_a-malloc.o)
                0x080063b8                free
 .text          0x080063cc        0x0 C:\MCU_ARM\gcc-arm-none-eabi-10.3-2021.10\arm-none-eabi\lib\thumb\v6-m\nofp\libc_nano.a(lib_a-memchr-stub.o)
 .text.memchr   0x080063cc       0x16 C:\MCU_ARM\gcc-arm-none-eabi-10.3-2021.10\arm-none-eabi\lib\thumb\v6-m\nofp\libc_nano.a(lib_a-memchr-stub.o)
                0x080063cc                memchr
 .text          0x080063e2        0x0 C:\MCU_ARM\gcc-arm-none-eabi-10.3-2021.10\arm-none-eabi\lib\thumb\v6-m\nofp\libc_nano.a(lib_a-memcpy-stub.o)
 .text.memcpy   0x080063e2       0x12 C:\MCU_ARM\gcc-arm-none-eabi-10.3-2021.10\arm-none-eabi\lib\thumb\v6-m\nofp\libc_nano.a(lib_a-memcpy-stub.o)
                0x080063e2                memcpy
 .text          0x080063f4        0x0 C:\MCU_ARM\gcc-arm-none-eabi-10.3-2021.10\arm-none-eabi\lib\thumb\v6-m\nofp\libc_nano.a(lib_a-mlock.o)
 .text.__malloc_lock
                0x080063f4       0x10 C:\MCU_ARM\gcc-arm-none-eabi-10.3-2021.10\arm-none-eabi\lib\thumb\v6-m\nofp\libc_nano.a(lib_a-mlock.o)
                0x080063f4                __malloc_lock
 .text.__malloc_unlock
                0x08006404       0x10 C:\MCU_ARM\gcc-arm-none-eabi-10.3-2021.10\arm-none-eabi\lib\thumb\v6-m\nofp\libc_nano.a(lib_a-mlock.o)
                0x08006404                __malloc_unlock
 .text          0x08006414        0x0 C:\MCU_ARM\gcc-arm-none-eabi-10.3-2021.10\arm-none-eabi\lib\thumb\v6-m\nofp\libc_nano.a(lib_a-mprec.o)
 .text._Balloc  0x08006414       0x88 C:\MCU_ARM\gcc-arm-none-eabi-10.3-2021.10\arm-none-eabi\lib\thumb\v6-m\nofp\libc_nano.a(lib_a-mprec.o)
                0x08006414                _Balloc
 .text._Bfree   0x0800649c       0x48 C:\MCU_ARM\gcc-arm-none-eabi-10.3-2021.10\arm-none-eabi\lib\thumb\v6-m\nofp\libc_nano.a(lib_a-mprec.o)
                0x0800649c                _Bfree
 .text.__multadd
                0x080064e4       0x88 C:\MCU_ARM\gcc-arm-none-eabi-10.3-2021.10\arm-none-eabi\lib\thumb\v6-m\nofp\libc_nano.a(lib_a-mprec.o)
                0x080064e4                __multadd
 .text.__s2b    0x0800656c       0x98 C:\MCU_ARM\gcc-arm-none-eabi-10.3-2021.10\arm-none-eabi\lib\thumb\v6-m\nofp\libc_nano.a(lib_a-mprec.o)
                0x0800656c                __s2b
 .text.__hi0bits
                0x08006604       0x34 C:\MCU_ARM\gcc-arm-none-eabi-10.3-2021.10\arm-none-eabi\lib\thumb\v6-m\nofp\libc_nano.a(lib_a-mprec.o)
                0x08006604                __hi0bits
 .text.__lo0bits
                0x08006638       0x5c C:\MCU_ARM\gcc-arm-none-eabi-10.3-2021.10\arm-none-eabi\lib\thumb\v6-m\nofp\libc_nano.a(lib_a-mprec.o)
                0x08006638                __lo0bits
 .text.__i2b    0x08006694       0x2c C:\MCU_ARM\gcc-arm-none-eabi-10.3-2021.10\arm-none-eabi\lib\thumb\v6-m\nofp\libc_nano.a(lib_a-mprec.o)
                0x08006694                __i2b
 .text.__multiply
                0x080066c0      0x160 C:\MCU_ARM\gcc-arm-none-eabi-10.3-2021.10\arm-none-eabi\lib\thumb\v6-m\nofp\libc_nano.a(lib_a-mprec.o)
                0x080066c0                __multiply
 .text.__pow5mult
                0x08006820       0xb8 C:\MCU_ARM\gcc-arm-none-eabi-10.3-2021.10\arm-none-eabi\lib\thumb\v6-m\nofp\libc_nano.a(lib_a-mprec.o)
                0x08006820                __pow5mult
 .text.__lshift
                0x080068d8       0xdc C:\MCU_ARM\gcc-arm-none-eabi-10.3-2021.10\arm-none-eabi\lib\thumb\v6-m\nofp\libc_nano.a(lib_a-mprec.o)
                0x080068d8                __lshift
 .text.__mcmp   0x080069b4       0x36 C:\MCU_ARM\gcc-arm-none-eabi-10.3-2021.10\arm-none-eabi\lib\thumb\v6-m\nofp\libc_nano.a(lib_a-mprec.o)
                0x080069b4                __mcmp
 *fill*         0x080069ea        0x2 
 .text.__mdiff  0x080069ec      0x130 C:\MCU_ARM\gcc-arm-none-eabi-10.3-2021.10\arm-none-eabi\lib\thumb\v6-m\nofp\libc_nano.a(lib_a-mprec.o)
                0x080069ec                __mdiff
 .text.__ulp    0x08006b1c       0x48 C:\MCU_ARM\gcc-arm-none-eabi-10.3-2021.10\arm-none-eabi\lib\thumb\v6-m\nofp\libc_nano.a(lib_a-mprec.o)
                0x08006b1c                __ulp
 .text.__b2d    0x08006b64       0xa0 C:\MCU_ARM\gcc-arm-none-eabi-10.3-2021.10\arm-none-eabi\lib\thumb\v6-m\nofp\libc_nano.a(lib_a-mprec.o)
                0x08006b64                __b2d
 .text.__d2b    0x08006c04       0xc8 C:\MCU_ARM\gcc-arm-none-eabi-10.3-2021.10\arm-none-eabi\lib\thumb\v6-m\nofp\libc_nano.a(lib_a-mprec.o)
                0x08006c04                __d2b
 .text.__ratio  0x08006ccc       0x52 C:\MCU_ARM\gcc-arm-none-eabi-10.3-2021.10\arm-none-eabi\lib\thumb\v6-m\nofp\libc_nano.a(lib_a-mprec.o)
                0x08006ccc                __ratio
 *fill*         0x08006d1e        0x2 
 .text._mprec_log10
                0x08006d20       0x34 C:\MCU_ARM\gcc-arm-none-eabi-10.3-2021.10\arm-none-eabi\lib\thumb\v6-m\nofp\libc_nano.a(lib_a-mprec.o)
                0x08006d20                _mprec_log10
 .text.__copybits
                0x08006d54       0x42 C:\MCU_ARM\gcc-arm-none-eabi-10.3-2021.10\arm-none-eabi\lib\thumb\v6-m\nofp\libc_nano.a(lib_a-mprec.o)
                0x08006d54                __copybits
 .text.__any_on
                0x08006d96       0x46 C:\MCU_ARM\gcc-arm-none-eabi-10.3-2021.10\arm-none-eabi\lib\thumb\v6-m\nofp\libc_nano.a(lib_a-mprec.o)
                0x08006d96                __any_on
 .text          0x08006ddc        0x0 C:\MCU_ARM\gcc-arm-none-eabi-10.3-2021.10\arm-none-eabi\lib\thumb\v6-m\nofp\libc_nano.a(lib_a-nano-callocr.o)
 .text._calloc_r
                0x08006ddc       0x58 C:\MCU_ARM\gcc-arm-none-eabi-10.3-2021.10\arm-none-eabi\lib\thumb\v6-m\nofp\libc_nano.a(lib_a-nano-callocr.o)
                0x08006ddc                _calloc_r
 .text          0x08006e34        0x0 C:\MCU_ARM\gcc-arm-none-eabi-10.3-2021.10\arm-none-eabi\lib\thumb\v6-m\nofp\libc_nano.a(lib_a-nano-svfprintf.o)
 .text.__ssputs_r
                0x08006e34       0xc4 C:\MCU_ARM\gcc-arm-none-eabi-10.3-2021.10\arm-none-eabi\lib\thumb\v6-m\nofp\libc_nano.a(lib_a-nano-svfprintf.o)
                0x08006e34                __ssputs_r
 .text.__ssprint_r
                0x08006ef8      0x100 C:\MCU_ARM\gcc-arm-none-eabi-10.3-2021.10\arm-none-eabi\lib\thumb\v6-m\nofp\libc_nano.a(lib_a-nano-svfprintf.o)
                0x08006ef8                __ssprint_r
 .text._svfprintf_r
                0x08006ff8      0x200 C:\MCU_ARM\gcc-arm-none-eabi-10.3-2021.10\arm-none-eabi\lib\thumb\v6-m\nofp\libc_nano.a(lib_a-nano-svfprintf.o)
                0x08006ff8                _svfiprintf_r
                0x08006ff8                _svfprintf_r
 .text          0x080071f8        0x0 C:\MCU_ARM\gcc-arm-none-eabi-10.3-2021.10\arm-none-eabi\lib\thumb\v6-m\nofp\libc_nano.a(lib_a-nano-vfprintf.o)
 .text.__sfputc_r
                0x080071f8       0x2a C:\MCU_ARM\gcc-arm-none-eabi-10.3-2021.10\arm-none-eabi\lib\thumb\v6-m\nofp\libc_nano.a(lib_a-nano-vfprintf.o)
 .text.__sfputs_r
                0x08007222       0x24 C:\MCU_ARM\gcc-arm-none-eabi-10.3-2021.10\arm-none-eabi\lib\thumb\v6-m\nofp\libc_nano.a(lib_a-nano-vfprintf.o)
                0x08007222                __sfputs_r
 .text.__sprint_r
                0x08007246       0x1c C:\MCU_ARM\gcc-arm-none-eabi-10.3-2021.10\arm-none-eabi\lib\thumb\v6-m\nofp\libc_nano.a(lib_a-nano-vfprintf.o)
                0x08007246                __sprint_r
 *fill*         0x08007262        0x2 
 .text._vfprintf_r
                0x08007264      0x274 C:\MCU_ARM\gcc-arm-none-eabi-10.3-2021.10\arm-none-eabi\lib\thumb\v6-m\nofp\libc_nano.a(lib_a-nano-vfprintf.o)
                0x08007264                _vfprintf_r
                0x08007264                _vfiprintf_r
 .text.vfprintf
                0x080074d8       0x18 C:\MCU_ARM\gcc-arm-none-eabi-10.3-2021.10\arm-none-eabi\lib\thumb\v6-m\nofp\libc_nano.a(lib_a-nano-vfprintf.o)
                0x080074d8                vfprintf
                0x080074d8                vfiprintf
 .text          0x080074f0        0x0 C:\MCU_ARM\gcc-arm-none-eabi-10.3-2021.10\arm-none-eabi\lib\thumb\v6-m\nofp\libc_nano.a(lib_a-readr.o)
 .text._read_r  0x080074f0       0x28 C:\MCU_ARM\gcc-arm-none-eabi-10.3-2021.10\arm-none-eabi\lib\thumb\v6-m\nofp\libc_nano.a(lib_a-readr.o)
                0x080074f0                _read_r
 .text          0x08007518        0x0 C:\MCU_ARM\gcc-arm-none-eabi-10.3-2021.10\arm-none-eabi\lib\thumb\v6-m\nofp\libc_nano.a(lib_a-assert.o)
 .text.__assert_func
                0x08007518       0x3c C:\MCU_ARM\gcc-arm-none-eabi-10.3-2021.10\arm-none-eabi\lib\thumb\v6-m\nofp\libc_nano.a(lib_a-assert.o)
                0x08007518                __assert_func
 .text.__assert
                0x08007554        0xa C:\MCU_ARM\gcc-arm-none-eabi-10.3-2021.10\arm-none-eabi\lib\thumb\v6-m\nofp\libc_nano.a(lib_a-assert.o)
                0x08007554                __assert
 .text          0x0800755e        0x0 C:\MCU_ARM\gcc-arm-none-eabi-10.3-2021.10\arm-none-eabi\lib\thumb\v6-m\nofp\libc_nano.a(lib_a-fprintf.o)
 .text._fprintf_r
                0x0800755e       0x16 C:\MCU_ARM\gcc-arm-none-eabi-10.3-2021.10\arm-none-eabi\lib\thumb\v6-m\nofp\libc_nano.a(lib_a-fprintf.o)
                0x0800755e                _fiprintf_r
                0x0800755e                _fprintf_r
 .text.fprintf  0x08007574       0x20 C:\MCU_ARM\gcc-arm-none-eabi-10.3-2021.10\arm-none-eabi\lib\thumb\v6-m\nofp\libc_nano.a(lib_a-fprintf.o)
                0x08007574                fiprintf
                0x08007574                fprintf
 .text          0x08007594        0x0 C:\MCU_ARM\gcc-arm-none-eabi-10.3-2021.10\arm-none-eabi\lib\thumb\v6-m\nofp\libc_nano.a(lib_a-fstatr.o)
 .text._fstat_r
                0x08007594       0x24 C:\MCU_ARM\gcc-arm-none-eabi-10.3-2021.10\arm-none-eabi\lib\thumb\v6-m\nofp\libc_nano.a(lib_a-fstatr.o)
                0x08007594                _fstat_r
 .text          0x080075b8        0x0 C:\MCU_ARM\gcc-arm-none-eabi-10.3-2021.10\arm-none-eabi\lib\thumb\v6-m\nofp\libc_nano.a(lib_a-fvwrite.o)
 .text.__sfvwrite_r
                0x080075b8      0x2d0 C:\MCU_ARM\gcc-arm-none-eabi-10.3-2021.10\arm-none-eabi\lib\thumb\v6-m\nofp\libc_nano.a(lib_a-fvwrite.o)
                0x080075b8                __sfvwrite_r
 .text          0x08007888        0x0 C:\MCU_ARM\gcc-arm-none-eabi-10.3-2021.10\arm-none-eabi\lib\thumb\v6-m\nofp\libc_nano.a(lib_a-isattyr.o)
 .text._isatty_r
                0x08007888       0x24 C:\MCU_ARM\gcc-arm-none-eabi-10.3-2021.10\arm-none-eabi\lib\thumb\v6-m\nofp\libc_nano.a(lib_a-isattyr.o)
                0x08007888                _isatty_r
 .text          0x080078ac        0x0 C:\MCU_ARM\gcc-arm-none-eabi-10.3-2021.10\arm-none-eabi\lib\thumb\v6-m\nofp\libc_nano.a(lib_a-locale.o)
 .text._setlocale_r
                0x080078ac       0x40 C:\MCU_ARM\gcc-arm-none-eabi-10.3-2021.10\arm-none-eabi\lib\thumb\v6-m\nofp\libc_nano.a(lib_a-locale.o)
                0x080078ac                _setlocale_r
 .text.__locale_mb_cur_max
                0x080078ec       0x10 C:\MCU_ARM\gcc-arm-none-eabi-10.3-2021.10\arm-none-eabi\lib\thumb\v6-m\nofp\libc_nano.a(lib_a-locale.o)
                0x080078ec                __locale_mb_cur_max
 .text.setlocale
                0x080078fc       0x14 C:\MCU_ARM\gcc-arm-none-eabi-10.3-2021.10\arm-none-eabi\lib\thumb\v6-m\nofp\libc_nano.a(lib_a-locale.o)
                0x080078fc                setlocale
 .text          0x08007910        0x0 C:\MCU_ARM\gcc-arm-none-eabi-10.3-2021.10\arm-none-eabi\lib\thumb\v6-m\nofp\libc_nano.a(lib_a-mbtowc_r.o)
 .text._mbtowc_r
                0x08007910       0x14 C:\MCU_ARM\gcc-arm-none-eabi-10.3-2021.10\arm-none-eabi\lib\thumb\v6-m\nofp\libc_nano.a(lib_a-mbtowc_r.o)
                0x08007910                _mbtowc_r
 .text.__ascii_mbtowc
                0x08007924       0x24 C:\MCU_ARM\gcc-arm-none-eabi-10.3-2021.10\arm-none-eabi\lib\thumb\v6-m\nofp\libc_nano.a(lib_a-mbtowc_r.o)
                0x08007924                __ascii_mbtowc
 .text          0x08007948        0x0 C:\MCU_ARM\gcc-arm-none-eabi-10.3-2021.10\arm-none-eabi\lib\thumb\v6-m\nofp\libc_nano.a(lib_a-memmove.o)
 .text.memmove  0x08007948       0x26 C:\MCU_ARM\gcc-arm-none-eabi-10.3-2021.10\arm-none-eabi\lib\thumb\v6-m\nofp\libc_nano.a(lib_a-memmove.o)
                0x08007948                memmove
 .text          0x0800796e        0x0 C:\MCU_ARM\gcc-arm-none-eabi-10.3-2021.10\arm-none-eabi\lib\thumb\v6-m\nofp\libc_nano.a(lib_a-nano-reallocr.o)
 .text._realloc_r
                0x0800796e       0x5e C:\MCU_ARM\gcc-arm-none-eabi-10.3-2021.10\arm-none-eabi\lib\thumb\v6-m\nofp\libc_nano.a(lib_a-nano-reallocr.o)
                0x0800796e                _realloc_r
 .text          0x080079cc       0x14 C:\MCU_ARM\gcc-arm-none-eabi-10.3-2021.10\arm-none-eabi\lib\thumb\v6-m\nofp\libc_nano.a(lib_a-strcmp.o)
                0x080079cc                strcmp
 .text          0x080079e0        0x0 C:\MCU_ARM\gcc-arm-none-eabi-10.3-2021.10\arm-none-eabi\lib\thumb\v6-m\nofp\libc_nano.a(lib_a-wctomb_r.o)
 .text._wctomb_r
                0x080079e0       0x10 C:\MCU_ARM\gcc-arm-none-eabi-10.3-2021.10\arm-none-eabi\lib\thumb\v6-m\nofp\libc_nano.a(lib_a-wctomb_r.o)
                0x080079e0                _wctomb_r
 .text.__ascii_wctomb
                0x080079f0       0x1a C:\MCU_ARM\gcc-arm-none-eabi-10.3-2021.10\arm-none-eabi\lib\thumb\v6-m\nofp\libc_nano.a(lib_a-wctomb_r.o)
                0x080079f0                __ascii_wctomb
 .text          0x08007a0a        0x0 C:\MCU_ARM\gcc-arm-none-eabi-10.3-2021.10\arm-none-eabi\lib\thumb\v6-m\nofp\libc_nano.a(lib_a-abort.o)
 .text.abort    0x08007a0a        0xe C:\MCU_ARM\gcc-arm-none-eabi-10.3-2021.10\arm-none-eabi\lib\thumb\v6-m\nofp\libc_nano.a(lib_a-abort.o)
                0x08007a0a                abort
 .text          0x08007a18        0x0 C:\MCU_ARM\gcc-arm-none-eabi-10.3-2021.10\arm-none-eabi\lib\thumb\v6-m\nofp\libc_nano.a(lib_a-ctype_.o)
 .text          0x08007a18        0x0 C:\MCU_ARM\gcc-arm-none-eabi-10.3-2021.10\arm-none-eabi\lib\thumb\v6-m\nofp\libc_nano.a(lib_a-nano-msizer.o)
 .text._malloc_usable_size_r
                0x08007a18       0x10 C:\MCU_ARM\gcc-arm-none-eabi-10.3-2021.10\arm-none-eabi\lib\thumb\v6-m\nofp\libc_nano.a(lib_a-nano-msizer.o)
                0x08007a18                _malloc_usable_size_r
 .text          0x08007a28        0x0 C:\MCU_ARM\gcc-arm-none-eabi-10.3-2021.10\arm-none-eabi\lib\thumb\v6-m\nofp\libc_nano.a(lib_a-signal.o)
 .text._init_signal_r
                0x08007a28       0x2a C:\MCU_ARM\gcc-arm-none-eabi-10.3-2021.10\arm-none-eabi\lib\thumb\v6-m\nofp\libc_nano.a(lib_a-signal.o)
                0x08007a28                _init_signal_r
 .text._signal_r
                0x08007a52       0x32 C:\MCU_ARM\gcc-arm-none-eabi-10.3-2021.10\arm-none-eabi\lib\thumb\v6-m\nofp\libc_nano.a(lib_a-signal.o)
                0x08007a52                _signal_r
 .text._raise_r
                0x08007a84       0x54 C:\MCU_ARM\gcc-arm-none-eabi-10.3-2021.10\arm-none-eabi\lib\thumb\v6-m\nofp\libc_nano.a(lib_a-signal.o)
                0x08007a84                _raise_r
 .text.__sigtramp_r
                0x08007ad8       0x46 C:\MCU_ARM\gcc-arm-none-eabi-10.3-2021.10\arm-none-eabi\lib\thumb\v6-m\nofp\libc_nano.a(lib_a-signal.o)
                0x08007ad8                __sigtramp_r
 *fill*         0x08007b1e        0x2 
 .text.raise    0x08007b20       0x14 C:\MCU_ARM\gcc-arm-none-eabi-10.3-2021.10\arm-none-eabi\lib\thumb\v6-m\nofp\libc_nano.a(lib_a-signal.o)
                0x08007b20                raise
 .text.signal   0x08007b34       0x14 C:\MCU_ARM\gcc-arm-none-eabi-10.3-2021.10\arm-none-eabi\lib\thumb\v6-m\nofp\libc_nano.a(lib_a-signal.o)
                0x08007b34                signal
 .text._init_signal
                0x08007b48       0x10 C:\MCU_ARM\gcc-arm-none-eabi-10.3-2021.10\arm-none-eabi\lib\thumb\v6-m\nofp\libc_nano.a(lib_a-signal.o)
                0x08007b48                _init_signal
 .text.__sigtramp
                0x08007b58       0x14 C:\MCU_ARM\gcc-arm-none-eabi-10.3-2021.10\arm-none-eabi\lib\thumb\v6-m\nofp\libc_nano.a(lib_a-signal.o)
                0x08007b58                __sigtramp
 .text          0x08007b6c        0x0 C:\MCU_ARM\gcc-arm-none-eabi-10.3-2021.10\arm-none-eabi\lib\thumb\v6-m\nofp\libc_nano.a(lib_a-signalr.o)
 .text._kill_r  0x08007b6c       0x24 C:\MCU_ARM\gcc-arm-none-eabi-10.3-2021.10\arm-none-eabi\lib\thumb\v6-m\nofp\libc_nano.a(lib_a-signalr.o)
                0x08007b6c                _kill_r
 .text._getpid_r
                0x08007b90        0x8 C:\MCU_ARM\gcc-arm-none-eabi-10.3-2021.10\arm-none-eabi\lib\thumb\v6-m\nofp\libc_nano.a(lib_a-signalr.o)
                0x08007b90                _getpid_r
 .text          0x08007b98       0x14 C:\MCU_ARM\gcc-arm-none-eabi-10.3-2021.10\lib\gcc\arm-none-eabi\10.3.1\thumb\v6-m\nofp\libgcc.a(_thumb1_case_uqi.o)
                0x08007b98                __gnu_thumb1_case_uqi
 .text          0x08007bac       0x14 C:\MCU_ARM\gcc-arm-none-eabi-10.3-2021.10\lib\gcc\arm-none-eabi\10.3.1\thumb\v6-m\nofp\libgcc.a(_thumb1_case_shi.o)
                0x08007bac                __gnu_thumb1_case_shi
 .text          0x08007bc0      0x678 C:\MCU_ARM\gcc-arm-none-eabi-10.3-2021.10\lib\gcc\arm-none-eabi\10.3.1\thumb\v6-m\nofp\libgcc.a(adddf3.o)
                0x08007bc0                __aeabi_dadd
 .text          0x08008238       0x3c C:\MCU_ARM\gcc-arm-none-eabi-10.3-2021.10\lib\gcc\arm-none-eabi\10.3.1\thumb\v6-m\nofp\libgcc.a(unorddf2.o)
                0x08008238                __aeabi_dcmpun
 .text          0x08008274       0x4c C:\MCU_ARM\gcc-arm-none-eabi-10.3-2021.10\lib\gcc\arm-none-eabi\10.3.1\thumb\v6-m\nofp\libgcc.a(floatunsidf.o)
                0x08008274                __aeabi_ui2d
 *(.rodata*)
 .rodata        0x080082c0      0x290 main.o
 .rodata        0x08008550       0x7c startup.o
 .rodata        0x080085cc       0x80 C:\MCU_ARM\gcc-arm-none-eabi-10.3-2021.10\lib\gcc\arm-none-eabi\10.3.1\thumb\v6-m\nofp\libgcc.a(divsf3.o)
 .rodata        0x0800864c       0x40 C:\MCU_ARM\gcc-arm-none-eabi-10.3-2021.10\lib\gcc\arm-none-eabi\10.3.1\thumb\v6-m\nofp\libgcc.a(mulsf3.o)
 .rodata        0x0800868c       0x40 C:\MCU_ARM\gcc-arm-none-eabi-10.3-2021.10\lib\gcc\arm-none-eabi\10.3.1\thumb\v6-m\nofp\libgcc.a(divdf3.o)
 .rodata        0x080086cc       0x40 C:\MCU_ARM\gcc-arm-none-eabi-10.3-2021.10\lib\gcc\arm-none-eabi\10.3.1\thumb\v6-m\nofp\libgcc.a(muldf3.o)
 .rodata.__sf_fake_stderr
                0x0800870c       0x20 C:\MCU_ARM\gcc-arm-none-eabi-10.3-2021.10\arm-none-eabi\lib\thumb\v6-m\nofp\libc_nano.a(lib_a-findfp.o)
                0x0800870c                __sf_fake_stderr
 .rodata.__sf_fake_stdin
                0x0800872c       0x20 C:\MCU_ARM\gcc-arm-none-eabi-10.3-2021.10\arm-none-eabi\lib\thumb\v6-m\nofp\libc_nano.a(lib_a-findfp.o)
                0x0800872c                __sf_fake_stdin
 .rodata.__sf_fake_stdout
                0x0800874c       0x20 C:\MCU_ARM\gcc-arm-none-eabi-10.3-2021.10\arm-none-eabi\lib\thumb\v6-m\nofp\libc_nano.a(lib_a-findfp.o)
                0x0800874c                __sf_fake_stdout
 .rodata._global_impure_ptr
                0x0800876c        0x4 C:\MCU_ARM\gcc-arm-none-eabi-10.3-2021.10\arm-none-eabi\lib\thumb\v6-m\nofp\libc_nano.a(lib_a-impure.o)
                0x0800876c                _global_impure_ptr
 .rodata._printf_float.str1.1
                0x08008770       0x12 C:\MCU_ARM\gcc-arm-none-eabi-10.3-2021.10\arm-none-eabi\lib\thumb\v6-m\nofp\libc_nano.a(lib_a-nano-vfprintf_float.o)
 .rodata._printf_i.str1.1
                0x08008782       0x22 C:\MCU_ARM\gcc-arm-none-eabi-10.3-2021.10\arm-none-eabi\lib\thumb\v6-m\nofp\libc_nano.a(lib_a-nano-vfprintf_i.o)
 .rodata._dtoa_r.str1.1
                0x080087a4       0xb3 C:\MCU_ARM\gcc-arm-none-eabi-10.3-2021.10\arm-none-eabi\lib\thumb\v6-m\nofp\libc_nano.a(lib_a-dtoa.o)
                                 0xb5 (size before relaxing)
 .rodata._Balloc.str1.1
                0x08008857       0x7f C:\MCU_ARM\gcc-arm-none-eabi-10.3-2021.10\arm-none-eabi\lib\thumb\v6-m\nofp\libc_nano.a(lib_a-mprec.o)
                                 0x96 (size before relaxing)
 .rodata.__multadd.str1.1
                0x080088d6       0x11 C:\MCU_ARM\gcc-arm-none-eabi-10.3-2021.10\arm-none-eabi\lib\thumb\v6-m\nofp\libc_nano.a(lib_a-mprec.o)
 *fill*         0x080088d6        0x2 
 .rodata.__mprec_bigtens
                0x080088d8       0x28 C:\MCU_ARM\gcc-arm-none-eabi-10.3-2021.10\arm-none-eabi\lib\thumb\v6-m\nofp\libc_nano.a(lib_a-mprec.o)
                0x080088d8                __mprec_bigtens
 .rodata.__mprec_tens
                0x08008900       0xc8 C:\MCU_ARM\gcc-arm-none-eabi-10.3-2021.10\arm-none-eabi\lib\thumb\v6-m\nofp\libc_nano.a(lib_a-mprec.o)
                0x08008900                __mprec_tens
 .rodata.__mprec_tinytens
                0x080089c8       0x28 C:\MCU_ARM\gcc-arm-none-eabi-10.3-2021.10\arm-none-eabi\lib\thumb\v6-m\nofp\libc_nano.a(lib_a-mprec.o)
                0x080089c8                __mprec_tinytens
 .rodata.p05.0  0x080089f0        0xc C:\MCU_ARM\gcc-arm-none-eabi-10.3-2021.10\arm-none-eabi\lib\thumb\v6-m\nofp\libc_nano.a(lib_a-mprec.o)
 .rodata._svfprintf_r.str1.1
                0x080089fc       0x11 C:\MCU_ARM\gcc-arm-none-eabi-10.3-2021.10\arm-none-eabi\lib\thumb\v6-m\nofp\libc_nano.a(lib_a-nano-svfprintf.o)
 .rodata._vfprintf_r.str1.1
                0x08008a0d       0x11 C:\MCU_ARM\gcc-arm-none-eabi-10.3-2021.10\arm-none-eabi\lib\thumb\v6-m\nofp\libc_nano.a(lib_a-nano-vfprintf.o)
 .rodata.__assert_func.str1.1
                0x08008a0d       0x3c C:\MCU_ARM\gcc-arm-none-eabi-10.3-2021.10\arm-none-eabi\lib\thumb\v6-m\nofp\libc_nano.a(lib_a-assert.o)
                                 0x3d (size before relaxing)
 .rodata._setlocale_r.str1.1
                0x08008a49        0x8 C:\MCU_ARM\gcc-arm-none-eabi-10.3-2021.10\arm-none-eabi\lib\thumb\v6-m\nofp\libc_nano.a(lib_a-locale.o)
                                  0x9 (size before relaxing)
 .rodata.str1.1
                0x08008a51        0x2 C:\MCU_ARM\gcc-arm-none-eabi-10.3-2021.10\arm-none-eabi\lib\thumb\v6-m\nofp\libc_nano.a(lib_a-locale.o)
 .rodata._ctype_
                0x08008a53      0x101 C:\MCU_ARM\gcc-arm-none-eabi-10.3-2021.10\arm-none-eabi\lib\thumb\v6-m\nofp\libc_nano.a(lib_a-ctype_.o)
                0x08008a53                _ctype_
                0x08008b54                . = ALIGN (0x4)
                0x08008b54                PROVIDE (__init_array_start = .)
 *(SORT_BY_NAME(.init_array.*))
 *(.init_array)
                0x08008b54                PROVIDE (__init_array_end = .)
                0x08008b54                . = ALIGN (0x4)
                0x08008b54                _etext = .

.glue_7         0x08008b54        0x0
 .glue_7        0x08008b54        0x0 linker stubs

.glue_7t        0x08008b54        0x0
 .glue_7t       0x08008b54        0x0 linker stubs

.vfp11_veneer   0x08008b54        0x0
 .vfp11_veneer  0x08008b54        0x0 linker stubs

.v4_bx          0x08008b54        0x0
 .v4_bx         0x08008b54        0x0 linker stubs

.iplt           0x08008b54        0x0
 .iplt          0x08008b54        0x0 main.o

.rel.dyn        0x08008b54        0x0
 .rel.iplt      0x08008b54        0x0 main.o

.data           0x20000000      0x1d4 load address 0x08008b54
                0x20000000                . = ALIGN (0x4)
                0x20000000                _data = .
 *(.data*)
 .data          0x20000000        0x0 main.o
 .data          0x20000000        0x0 startup.o
 .data          0x20000000        0x0 serial.o
 .data          0x20000000        0x4 newlib_stubs.o
                0x20000000                environ
 .data          0x20000004        0x0 lcd.o
 .data          0x20000004        0x0 C:\MCU_ARM\gcc-arm-none-eabi-10.3-2021.10\arm-none-eabi\lib\thumb\v6-m\nofp\libnosys.a(errno.o)
 .data          0x20000004        0x0 C:\MCU_ARM\gcc-arm-none-eabi-10.3-2021.10\lib\gcc\arm-none-eabi\10.3.1\thumb\v6-m\nofp\libgcc.a(_divsi3.o)
 .data          0x20000004        0x0 C:\MCU_ARM\gcc-arm-none-eabi-10.3-2021.10\lib\gcc\arm-none-eabi\10.3.1\thumb\v6-m\nofp\libgcc.a(_dvmd_tls.o)
 .data          0x20000004        0x0 C:\MCU_ARM\gcc-arm-none-eabi-10.3-2021.10\lib\gcc\arm-none-eabi\10.3.1\thumb\v6-m\nofp\libgcc.a(_arm_cmpdf2.o)
 .data          0x20000004        0x0 C:\MCU_ARM\gcc-arm-none-eabi-10.3-2021.10\lib\gcc\arm-none-eabi\10.3.1\thumb\v6-m\nofp\libgcc.a(divsf3.o)
 .data          0x20000004        0x0 C:\MCU_ARM\gcc-arm-none-eabi-10.3-2021.10\lib\gcc\arm-none-eabi\10.3.1\thumb\v6-m\nofp\libgcc.a(mulsf3.o)
 .data          0x20000004        0x0 C:\MCU_ARM\gcc-arm-none-eabi-10.3-2021.10\lib\gcc\arm-none-eabi\10.3.1\thumb\v6-m\nofp\libgcc.a(subsf3.o)
 .data          0x20000004        0x0 C:\MCU_ARM\gcc-arm-none-eabi-10.3-2021.10\lib\gcc\arm-none-eabi\10.3.1\thumb\v6-m\nofp\libgcc.a(fixsfsi.o)
 .data          0x20000004        0x0 C:\MCU_ARM\gcc-arm-none-eabi-10.3-2021.10\lib\gcc\arm-none-eabi\10.3.1\thumb\v6-m\nofp\libgcc.a(floatsisf.o)
 .data          0x20000004        0x0 C:\MCU_ARM\gcc-arm-none-eabi-10.3-2021.10\lib\gcc\arm-none-eabi\10.3.1\thumb\v6-m\nofp\libgcc.a(divdf3.o)
 .data          0x20000004        0x0 C:\MCU_ARM\gcc-arm-none-eabi-10.3-2021.10\lib\gcc\arm-none-eabi\10.3.1\thumb\v6-m\nofp\libgcc.a(eqdf2.o)
 .data          0x20000004        0x0 C:\MCU_ARM\gcc-arm-none-eabi-10.3-2021.10\lib\gcc\arm-none-eabi\10.3.1\thumb\v6-m\nofp\libgcc.a(gedf2.o)
 .data          0x20000004        0x0 C:\MCU_ARM\gcc-arm-none-eabi-10.3-2021.10\lib\gcc\arm-none-eabi\10.3.1\thumb\v6-m\nofp\libgcc.a(ledf2.o)
 .data          0x20000004        0x0 C:\MCU_ARM\gcc-arm-none-eabi-10.3-2021.10\lib\gcc\arm-none-eabi\10.3.1\thumb\v6-m\nofp\libgcc.a(muldf3.o)
 .data          0x20000004        0x0 C:\MCU_ARM\gcc-arm-none-eabi-10.3-2021.10\lib\gcc\arm-none-eabi\10.3.1\thumb\v6-m\nofp\libgcc.a(subdf3.o)
 .data          0x20000004        0x0 C:\MCU_ARM\gcc-arm-none-eabi-10.3-2021.10\lib\gcc\arm-none-eabi\10.3.1\thumb\v6-m\nofp\libgcc.a(fixdfsi.o)
 .data          0x20000004        0x0 C:\MCU_ARM\gcc-arm-none-eabi-10.3-2021.10\lib\gcc\arm-none-eabi\10.3.1\thumb\v6-m\nofp\libgcc.a(floatsidf.o)
 .data          0x20000004        0x0 C:\MCU_ARM\gcc-arm-none-eabi-10.3-2021.10\lib\gcc\arm-none-eabi\10.3.1\thumb\v6-m\nofp\libgcc.a(extendsfdf2.o)
 .data          0x20000004        0x0 C:\MCU_ARM\gcc-arm-none-eabi-10.3-2021.10\lib\gcc\arm-none-eabi\10.3.1\thumb\v6-m\nofp\libgcc.a(truncdfsf2.o)
 .data          0x20000004        0x0 C:\MCU_ARM\gcc-arm-none-eabi-10.3-2021.10\lib\gcc\arm-none-eabi\10.3.1\thumb\v6-m\nofp\libgcc.a(_udivsi3.o)
 .data          0x20000004        0x0 C:\MCU_ARM\gcc-arm-none-eabi-10.3-2021.10\lib\gcc\arm-none-eabi\10.3.1\thumb\v6-m\nofp\libgcc.a(_clzsi2.o)
 .data          0x20000004        0x0 C:\MCU_ARM\gcc-arm-none-eabi-10.3-2021.10\arm-none-eabi\lib\thumb\v6-m\nofp\libc_nano.a(lib_a-fflush.o)
 .data          0x20000004        0x0 C:\MCU_ARM\gcc-arm-none-eabi-10.3-2021.10\arm-none-eabi\lib\thumb\v6-m\nofp\libc_nano.a(lib_a-findfp.o)
 .data          0x20000004        0x0 C:\MCU_ARM\gcc-arm-none-eabi-10.3-2021.10\arm-none-eabi\lib\thumb\v6-m\nofp\libc_nano.a(lib_a-fwalk.o)
 .data          0x20000004        0x0 C:\MCU_ARM\gcc-arm-none-eabi-10.3-2021.10\arm-none-eabi\lib\thumb\v6-m\nofp\libc_nano.a(lib_a-impure.o)
 .data._impure_ptr
                0x20000004        0x4 C:\MCU_ARM\gcc-arm-none-eabi-10.3-2021.10\arm-none-eabi\lib\thumb\v6-m\nofp\libc_nano.a(lib_a-impure.o)
                0x20000004                _impure_ptr
 .data.impure_data
                0x20000008       0x60 C:\MCU_ARM\gcc-arm-none-eabi-10.3-2021.10\arm-none-eabi\lib\thumb\v6-m\nofp\libc_nano.a(lib_a-impure.o)
 .data          0x20000068        0x0 C:\MCU_ARM\gcc-arm-none-eabi-10.3-2021.10\arm-none-eabi\lib\thumb\v6-m\nofp\libc_nano.a(lib_a-lock.o)
 .data          0x20000068        0x0 C:\MCU_ARM\gcc-arm-none-eabi-10.3-2021.10\arm-none-eabi\lib\thumb\v6-m\nofp\libc_nano.a(lib_a-memset.o)
 .data          0x20000068        0x0 C:\MCU_ARM\gcc-arm-none-eabi-10.3-2021.10\arm-none-eabi\lib\thumb\v6-m\nofp\libc_nano.a(lib_a-nano-freer.o)
 .data          0x20000068        0x0 C:\MCU_ARM\gcc-arm-none-eabi-10.3-2021.10\arm-none-eabi\lib\thumb\v6-m\nofp\libc_nano.a(lib_a-nano-mallocr.o)
 .data          0x20000068        0x0 C:\MCU_ARM\gcc-arm-none-eabi-10.3-2021.10\arm-none-eabi\lib\thumb\v6-m\nofp\libc_nano.a(lib_a-nano-vfprintf_float.o)
 .data          0x20000068        0x0 C:\MCU_ARM\gcc-arm-none-eabi-10.3-2021.10\arm-none-eabi\lib\thumb\v6-m\nofp\libc_nano.a(lib_a-nano-vfprintf_i.o)
 .data          0x20000068        0x0 C:\MCU_ARM\gcc-arm-none-eabi-10.3-2021.10\arm-none-eabi\lib\thumb\v6-m\nofp\libc_nano.a(lib_a-printf.o)
 .data          0x20000068        0x0 C:\MCU_ARM\gcc-arm-none-eabi-10.3-2021.10\arm-none-eabi\lib\thumb\v6-m\nofp\libc_nano.a(lib_a-puts.o)
 .data          0x20000068        0x0 C:\MCU_ARM\gcc-arm-none-eabi-10.3-2021.10\arm-none-eabi\lib\thumb\v6-m\nofp\libc_nano.a(lib_a-sbrkr.o)
 .data          0x20000068        0x0 C:\MCU_ARM\gcc-arm-none-eabi-10.3-2021.10\arm-none-eabi\lib\thumb\v6-m\nofp\libc_nano.a(lib_a-sprintf.o)
 .data          0x20000068        0x0 C:\MCU_ARM\gcc-arm-none-eabi-10.3-2021.10\arm-none-eabi\lib\thumb\v6-m\nofp\libc_nano.a(lib_a-stdio.o)
 .data          0x20000068        0x0 C:\MCU_ARM\gcc-arm-none-eabi-10.3-2021.10\arm-none-eabi\lib\thumb\v6-m\nofp\libc_nano.a(lib_a-strlen.o)
 .data          0x20000068        0x0 C:\MCU_ARM\gcc-arm-none-eabi-10.3-2021.10\arm-none-eabi\lib\thumb\v6-m\nofp\libc_nano.a(lib_a-wbuf.o)
 .data          0x20000068        0x0 C:\MCU_ARM\gcc-arm-none-eabi-10.3-2021.10\arm-none-eabi\lib\thumb\v6-m\nofp\libc_nano.a(lib_a-writer.o)
 .data          0x20000068        0x0 C:\MCU_ARM\gcc-arm-none-eabi-10.3-2021.10\arm-none-eabi\lib\thumb\v6-m\nofp\libc_nano.a(lib_a-wsetup.o)
 .data          0x20000068        0x0 C:\MCU_ARM\gcc-arm-none-eabi-10.3-2021.10\arm-none-eabi\lib\thumb\v6-m\nofp\libc_nano.a(lib_a-closer.o)
 .data          0x20000068        0x0 C:\MCU_ARM\gcc-arm-none-eabi-10.3-2021.10\arm-none-eabi\lib\thumb\v6-m\nofp\libc_nano.a(lib_a-dtoa.o)
 .data          0x20000068        0x0 C:\MCU_ARM\gcc-arm-none-eabi-10.3-2021.10\arm-none-eabi\lib\thumb\v6-m\nofp\libc_nano.a(lib_a-localeconv.o)
 .data          0x20000068        0x0 C:\MCU_ARM\gcc-arm-none-eabi-10.3-2021.10\arm-none-eabi\lib\thumb\v6-m\nofp\libc_nano.a(lib_a-lseekr.o)
 .data          0x20000068        0x0 C:\MCU_ARM\gcc-arm-none-eabi-10.3-2021.10\arm-none-eabi\lib\thumb\v6-m\nofp\libc_nano.a(lib_a-makebuf.o)
 .data          0x20000068        0x0 C:\MCU_ARM\gcc-arm-none-eabi-10.3-2021.10\arm-none-eabi\lib\thumb\v6-m\nofp\libc_nano.a(lib_a-malloc.o)
 .data          0x20000068        0x0 C:\MCU_ARM\gcc-arm-none-eabi-10.3-2021.10\arm-none-eabi\lib\thumb\v6-m\nofp\libc_nano.a(lib_a-memchr-stub.o)
 .data          0x20000068        0x0 C:\MCU_ARM\gcc-arm-none-eabi-10.3-2021.10\arm-none-eabi\lib\thumb\v6-m\nofp\libc_nano.a(lib_a-memcpy-stub.o)
 .data          0x20000068        0x0 C:\MCU_ARM\gcc-arm-none-eabi-10.3-2021.10\arm-none-eabi\lib\thumb\v6-m\nofp\libc_nano.a(lib_a-mlock.o)
 .data          0x20000068        0x0 C:\MCU_ARM\gcc-arm-none-eabi-10.3-2021.10\arm-none-eabi\lib\thumb\v6-m\nofp\libc_nano.a(lib_a-mprec.o)
 .data          0x20000068        0x0 C:\MCU_ARM\gcc-arm-none-eabi-10.3-2021.10\arm-none-eabi\lib\thumb\v6-m\nofp\libc_nano.a(lib_a-nano-callocr.o)
 .data          0x20000068        0x0 C:\MCU_ARM\gcc-arm-none-eabi-10.3-2021.10\arm-none-eabi\lib\thumb\v6-m\nofp\libc_nano.a(lib_a-nano-svfprintf.o)
 .data          0x20000068        0x0 C:\MCU_ARM\gcc-arm-none-eabi-10.3-2021.10\arm-none-eabi\lib\thumb\v6-m\nofp\libc_nano.a(lib_a-nano-vfprintf.o)
 .data          0x20000068        0x0 C:\MCU_ARM\gcc-arm-none-eabi-10.3-2021.10\arm-none-eabi\lib\thumb\v6-m\nofp\libc_nano.a(lib_a-readr.o)
 .data          0x20000068        0x0 C:\MCU_ARM\gcc-arm-none-eabi-10.3-2021.10\arm-none-eabi\lib\thumb\v6-m\nofp\libc_nano.a(lib_a-assert.o)
 .data          0x20000068        0x0 C:\MCU_ARM\gcc-arm-none-eabi-10.3-2021.10\arm-none-eabi\lib\thumb\v6-m\nofp\libc_nano.a(lib_a-fprintf.o)
 .data          0x20000068        0x0 C:\MCU_ARM\gcc-arm-none-eabi-10.3-2021.10\arm-none-eabi\lib\thumb\v6-m\nofp\libc_nano.a(lib_a-fstatr.o)
 .data          0x20000068        0x0 C:\MCU_ARM\gcc-arm-none-eabi-10.3-2021.10\arm-none-eabi\lib\thumb\v6-m\nofp\libc_nano.a(lib_a-fvwrite.o)
 .data          0x20000068        0x0 C:\MCU_ARM\gcc-arm-none-eabi-10.3-2021.10\arm-none-eabi\lib\thumb\v6-m\nofp\libc_nano.a(lib_a-isattyr.o)
 .data          0x20000068        0x0 C:\MCU_ARM\gcc-arm-none-eabi-10.3-2021.10\arm-none-eabi\lib\thumb\v6-m\nofp\libc_nano.a(lib_a-locale.o)
 .data.__global_locale
                0x20000068      0x16c C:\MCU_ARM\gcc-arm-none-eabi-10.3-2021.10\arm-none-eabi\lib\thumb\v6-m\nofp\libc_nano.a(lib_a-locale.o)
                0x20000068                __global_locale
 .data          0x200001d4        0x0 C:\MCU_ARM\gcc-arm-none-eabi-10.3-2021.10\arm-none-eabi\lib\thumb\v6-m\nofp\libc_nano.a(lib_a-mbtowc_r.o)
 .data          0x200001d4        0x0 C:\MCU_ARM\gcc-arm-none-eabi-10.3-2021.10\arm-none-eabi\lib\thumb\v6-m\nofp\libc_nano.a(lib_a-memmove.o)
 .data          0x200001d4        0x0 C:\MCU_ARM\gcc-arm-none-eabi-10.3-2021.10\arm-none-eabi\lib\thumb\v6-m\nofp\libc_nano.a(lib_a-nano-reallocr.o)
 .data          0x200001d4        0x0 C:\MCU_ARM\gcc-arm-none-eabi-10.3-2021.10\arm-none-eabi\lib\thumb\v6-m\nofp\libc_nano.a(lib_a-strcmp.o)
 .data          0x200001d4        0x0 C:\MCU_ARM\gcc-arm-none-eabi-10.3-2021.10\arm-none-eabi\lib\thumb\v6-m\nofp\libc_nano.a(lib_a-wctomb_r.o)
 .data          0x200001d4        0x0 C:\MCU_ARM\gcc-arm-none-eabi-10.3-2021.10\arm-none-eabi\lib\thumb\v6-m\nofp\libc_nano.a(lib_a-abort.o)
 .data          0x200001d4        0x0 C:\MCU_ARM\gcc-arm-none-eabi-10.3-2021.10\arm-none-eabi\lib\thumb\v6-m\nofp\libc_nano.a(lib_a-ctype_.o)
 .data          0x200001d4        0x0 C:\MCU_ARM\gcc-arm-none-eabi-10.3-2021.10\arm-none-eabi\lib\thumb\v6-m\nofp\libc_nano.a(lib_a-nano-msizer.o)
 .data          0x200001d4        0x0 C:\MCU_ARM\gcc-arm-none-eabi-10.3-2021.10\arm-none-eabi\lib\thumb\v6-m\nofp\libc_nano.a(lib_a-signal.o)
 .data          0x200001d4        0x0 C:\MCU_ARM\gcc-arm-none-eabi-10.3-2021.10\arm-none-eabi\lib\thumb\v6-m\nofp\libc_nano.a(lib_a-signalr.o)
 .data          0x200001d4        0x0 C:\MCU_ARM\gcc-arm-none-eabi-10.3-2021.10\lib\gcc\arm-none-eabi\10.3.1\thumb\v6-m\nofp\libgcc.a(_thumb1_case_uqi.o)
 .data          0x200001d4        0x0 C:\MCU_ARM\gcc-arm-none-eabi-10.3-2021.10\lib\gcc\arm-none-eabi\10.3.1\thumb\v6-m\nofp\libgcc.a(_thumb1_case_shi.o)
 .data          0x200001d4        0x0 C:\MCU_ARM\gcc-arm-none-eabi-10.3-2021.10\lib\gcc\arm-none-eabi\10.3.1\thumb\v6-m\nofp\libgcc.a(adddf3.o)
 .data          0x200001d4        0x0 C:\MCU_ARM\gcc-arm-none-eabi-10.3-2021.10\lib\gcc\arm-none-eabi\10.3.1\thumb\v6-m\nofp\libgcc.a(unorddf2.o)
 .data          0x200001d4        0x0 C:\MCU_ARM\gcc-arm-none-eabi-10.3-2021.10\lib\gcc\arm-none-eabi\10.3.1\thumb\v6-m\nofp\libgcc.a(floatunsidf.o)
                0x200001d4                . = ALIGN (0x4)
                0x200001d4                _edata = .

.igot.plt       0x200001d4        0x0 load address 0x08008d28
 .igot.plt      0x200001d4        0x0 main.o

.bss            0x200001d4       0xc8 load address 0x08008d28
                0x200001d4                _bss = .
 *(.bss*)
 .bss           0x200001d4        0x0 main.o
 .bss           0x200001d4        0x0 startup.o
 .bss           0x200001d4       0xa4 serial.o
                0x200001d4                ComRXBuffer
                0x20000220                ComTXBuffer
                0x2000026c                ComOpen
                0x20000270                ComError
                0x20000274                ComBusy
 .bss           0x20000278        0x8 newlib_stubs.o
                0x20000278                __env
 .bss           0x20000280        0x0 lcd.o
 .bss           0x20000280        0x0 C:\MCU_ARM\gcc-arm-none-eabi-10.3-2021.10\arm-none-eabi\lib\thumb\v6-m\nofp\libnosys.a(errno.o)
 .bss.errno     0x20000280        0x4 C:\MCU_ARM\gcc-arm-none-eabi-10.3-2021.10\arm-none-eabi\lib\thumb\v6-m\nofp\libnosys.a(errno.o)
                0x20000280                errno
 .bss           0x20000284        0x0 C:\MCU_ARM\gcc-arm-none-eabi-10.3-2021.10\lib\gcc\arm-none-eabi\10.3.1\thumb\v6-m\nofp\libgcc.a(_divsi3.o)
 .bss           0x20000284        0x0 C:\MCU_ARM\gcc-arm-none-eabi-10.3-2021.10\lib\gcc\arm-none-eabi\10.3.1\thumb\v6-m\nofp\libgcc.a(_dvmd_tls.o)
 .bss           0x20000284        0x0 C:\MCU_ARM\gcc-arm-none-eabi-10.3-2021.10\lib\gcc\arm-none-eabi\10.3.1\thumb\v6-m\nofp\libgcc.a(_arm_cmpdf2.o)
 .bss           0x20000284        0x0 C:\MCU_ARM\gcc-arm-none-eabi-10.3-2021.10\lib\gcc\arm-none-eabi\10.3.1\thumb\v6-m\nofp\libgcc.a(divsf3.o)
 .bss           0x20000284        0x0 C:\MCU_ARM\gcc-arm-none-eabi-10.3-2021.10\lib\gcc\arm-none-eabi\10.3.1\thumb\v6-m\nofp\libgcc.a(mulsf3.o)
 .bss           0x20000284        0x0 C:\MCU_ARM\gcc-arm-none-eabi-10.3-2021.10\lib\gcc\arm-none-eabi\10.3.1\thumb\v6-m\nofp\libgcc.a(subsf3.o)
 .bss           0x20000284        0x0 C:\MCU_ARM\gcc-arm-none-eabi-10.3-2021.10\lib\gcc\arm-none-eabi\10.3.1\thumb\v6-m\nofp\libgcc.a(fixsfsi.o)
 .bss           0x20000284        0x0 C:\MCU_ARM\gcc-arm-none-eabi-10.3-2021.10\lib\gcc\arm-none-eabi\10.3.1\thumb\v6-m\nofp\libgcc.a(floatsisf.o)
 .bss           0x20000284        0x0 C:\MCU_ARM\gcc-arm-none-eabi-10.3-2021.10\lib\gcc\arm-none-eabi\10.3.1\thumb\v6-m\nofp\libgcc.a(divdf3.o)
 .bss           0x20000284        0x0 C:\MCU_ARM\gcc-arm-none-eabi-10.3-2021.10\lib\gcc\arm-none-eabi\10.3.1\thumb\v6-m\nofp\libgcc.a(eqdf2.o)
 .bss           0x20000284        0x0 C:\MCU_ARM\gcc-arm-none-eabi-10.3-2021.10\lib\gcc\arm-none-eabi\10.3.1\thumb\v6-m\nofp\libgcc.a(gedf2.o)
 .bss           0x20000284        0x0 C:\MCU_ARM\gcc-arm-none-eabi-10.3-2021.10\lib\gcc\arm-none-eabi\10.3.1\thumb\v6-m\nofp\libgcc.a(ledf2.o)
 .bss           0x20000284        0x0 C:\MCU_ARM\gcc-arm-none-eabi-10.3-2021.10\lib\gcc\arm-none-eabi\10.3.1\thumb\v6-m\nofp\libgcc.a(muldf3.o)
 .bss           0x20000284        0x0 C:\MCU_ARM\gcc-arm-none-eabi-10.3-2021.10\lib\gcc\arm-none-eabi\10.3.1\thumb\v6-m\nofp\libgcc.a(subdf3.o)
 .bss           0x20000284        0x0 C:\MCU_ARM\gcc-arm-none-eabi-10.3-2021.10\lib\gcc\arm-none-eabi\10.3.1\thumb\v6-m\nofp\libgcc.a(fixdfsi.o)
 .bss           0x20000284        0x0 C:\MCU_ARM\gcc-arm-none-eabi-10.3-2021.10\lib\gcc\arm-none-eabi\10.3.1\thumb\v6-m\nofp\libgcc.a(floatsidf.o)
 .bss           0x20000284        0x0 C:\MCU_ARM\gcc-arm-none-eabi-10.3-2021.10\lib\gcc\arm-none-eabi\10.3.1\thumb\v6-m\nofp\libgcc.a(extendsfdf2.o)
 .bss           0x20000284        0x0 C:\MCU_ARM\gcc-arm-none-eabi-10.3-2021.10\lib\gcc\arm-none-eabi\10.3.1\thumb\v6-m\nofp\libgcc.a(truncdfsf2.o)
 .bss           0x20000284        0x0 C:\MCU_ARM\gcc-arm-none-eabi-10.3-2021.10\lib\gcc\arm-none-eabi\10.3.1\thumb\v6-m\nofp\libgcc.a(_udivsi3.o)
 .bss           0x20000284        0x0 C:\MCU_ARM\gcc-arm-none-eabi-10.3-2021.10\lib\gcc\arm-none-eabi\10.3.1\thumb\v6-m\nofp\libgcc.a(_clzsi2.o)
 .bss           0x20000284        0x0 C:\MCU_ARM\gcc-arm-none-eabi-10.3-2021.10\arm-none-eabi\lib\thumb\v6-m\nofp\libc_nano.a(lib_a-fflush.o)
 .bss           0x20000284        0x0 C:\MCU_ARM\gcc-arm-none-eabi-10.3-2021.10\arm-none-eabi\lib\thumb\v6-m\nofp\libc_nano.a(lib_a-findfp.o)
 .bss           0x20000284        0x0 C:\MCU_ARM\gcc-arm-none-eabi-10.3-2021.10\arm-none-eabi\lib\thumb\v6-m\nofp\libc_nano.a(lib_a-fwalk.o)
 .bss           0x20000284        0x0 C:\MCU_ARM\gcc-arm-none-eabi-10.3-2021.10\arm-none-eabi\lib\thumb\v6-m\nofp\libc_nano.a(lib_a-impure.o)
 .bss           0x20000284        0x0 C:\MCU_ARM\gcc-arm-none-eabi-10.3-2021.10\arm-none-eabi\lib\thumb\v6-m\nofp\libc_nano.a(lib_a-lock.o)
 .bss.__lock___arc4random_mutex
                0x20000284        0x1 C:\MCU_ARM\gcc-arm-none-eabi-10.3-2021.10\arm-none-eabi\lib\thumb\v6-m\nofp\libc_nano.a(lib_a-lock.o)
                0x20000284                __lock___arc4random_mutex
 .bss.__lock___at_quick_exit_mutex
                0x20000285        0x1 C:\MCU_ARM\gcc-arm-none-eabi-10.3-2021.10\arm-none-eabi\lib\thumb\v6-m\nofp\libc_nano.a(lib_a-lock.o)
                0x20000285                __lock___at_quick_exit_mutex
 .bss.__lock___atexit_recursive_mutex
                0x20000286        0x1 C:\MCU_ARM\gcc-arm-none-eabi-10.3-2021.10\arm-none-eabi\lib\thumb\v6-m\nofp\libc_nano.a(lib_a-lock.o)
                0x20000286                __lock___atexit_recursive_mutex
 .bss.__lock___dd_hash_mutex
                0x20000287        0x1 C:\MCU_ARM\gcc-arm-none-eabi-10.3-2021.10\arm-none-eabi\lib\thumb\v6-m\nofp\libc_nano.a(lib_a-lock.o)
                0x20000287                __lock___dd_hash_mutex
 .bss.__lock___env_recursive_mutex
                0x20000288        0x1 C:\MCU_ARM\gcc-arm-none-eabi-10.3-2021.10\arm-none-eabi\lib\thumb\v6-m\nofp\libc_nano.a(lib_a-lock.o)
                0x20000288                __lock___env_recursive_mutex
 .bss.__lock___malloc_recursive_mutex
                0x20000289        0x1 C:\MCU_ARM\gcc-arm-none-eabi-10.3-2021.10\arm-none-eabi\lib\thumb\v6-m\nofp\libc_nano.a(lib_a-lock.o)
                0x20000289                __lock___malloc_recursive_mutex
 .bss.__lock___sfp_recursive_mutex
                0x2000028a        0x1 C:\MCU_ARM\gcc-arm-none-eabi-10.3-2021.10\arm-none-eabi\lib\thumb\v6-m\nofp\libc_nano.a(lib_a-lock.o)
                0x2000028a                __lock___sfp_recursive_mutex
 .bss.__lock___sinit_recursive_mutex
                0x2000028b        0x1 C:\MCU_ARM\gcc-arm-none-eabi-10.3-2021.10\arm-none-eabi\lib\thumb\v6-m\nofp\libc_nano.a(lib_a-lock.o)
                0x2000028b                __lock___sinit_recursive_mutex
 .bss.__lock___tz_mutex
                0x2000028c        0x1 C:\MCU_ARM\gcc-arm-none-eabi-10.3-2021.10\arm-none-eabi\lib\thumb\v6-m\nofp\libc_nano.a(lib_a-lock.o)
                0x2000028c                __lock___tz_mutex
 .bss           0x2000028d        0x0 C:\MCU_ARM\gcc-arm-none-eabi-10.3-2021.10\arm-none-eabi\lib\thumb\v6-m\nofp\libc_nano.a(lib_a-memset.o)
 .bss           0x2000028d        0x0 C:\MCU_ARM\gcc-arm-none-eabi-10.3-2021.10\arm-none-eabi\lib\thumb\v6-m\nofp\libc_nano.a(lib_a-nano-freer.o)
 .bss           0x2000028d        0x0 C:\MCU_ARM\gcc-arm-none-eabi-10.3-2021.10\arm-none-eabi\lib\thumb\v6-m\nofp\libc_nano.a(lib_a-nano-mallocr.o)
 *fill*         0x2000028d        0x3 
 .bss.__malloc_free_list
                0x20000290        0x4 C:\MCU_ARM\gcc-arm-none-eabi-10.3-2021.10\arm-none-eabi\lib\thumb\v6-m\nofp\libc_nano.a(lib_a-nano-mallocr.o)
                0x20000290                __malloc_free_list
 .bss.__malloc_sbrk_start
                0x20000294        0x4 C:\MCU_ARM\gcc-arm-none-eabi-10.3-2021.10\arm-none-eabi\lib\thumb\v6-m\nofp\libc_nano.a(lib_a-nano-mallocr.o)
                0x20000294                __malloc_sbrk_start
 .bss           0x20000298        0x0 C:\MCU_ARM\gcc-arm-none-eabi-10.3-2021.10\arm-none-eabi\lib\thumb\v6-m\nofp\libc_nano.a(lib_a-nano-vfprintf_float.o)
 .bss           0x20000298        0x0 C:\MCU_ARM\gcc-arm-none-eabi-10.3-2021.10\arm-none-eabi\lib\thumb\v6-m\nofp\libc_nano.a(lib_a-nano-vfprintf_i.o)
 .bss           0x20000298        0x0 C:\MCU_ARM\gcc-arm-none-eabi-10.3-2021.10\arm-none-eabi\lib\thumb\v6-m\nofp\libc_nano.a(lib_a-printf.o)
 .bss           0x20000298        0x0 C:\MCU_ARM\gcc-arm-none-eabi-10.3-2021.10\arm-none-eabi\lib\thumb\v6-m\nofp\libc_nano.a(lib_a-puts.o)
 .bss           0x20000298        0x0 C:\MCU_ARM\gcc-arm-none-eabi-10.3-2021.10\arm-none-eabi\lib\thumb\v6-m\nofp\libc_nano.a(lib_a-sbrkr.o)
 .bss           0x20000298        0x0 C:\MCU_ARM\gcc-arm-none-eabi-10.3-2021.10\arm-none-eabi\lib\thumb\v6-m\nofp\libc_nano.a(lib_a-sprintf.o)
 .bss           0x20000298        0x0 C:\MCU_ARM\gcc-arm-none-eabi-10.3-2021.10\arm-none-eabi\lib\thumb\v6-m\nofp\libc_nano.a(lib_a-stdio.o)
 .bss           0x20000298        0x0 C:\MCU_ARM\gcc-arm-none-eabi-10.3-2021.10\arm-none-eabi\lib\thumb\v6-m\nofp\libc_nano.a(lib_a-strlen.o)
 .bss           0x20000298        0x0 C:\MCU_ARM\gcc-arm-none-eabi-10.3-2021.10\arm-none-eabi\lib\thumb\v6-m\nofp\libc_nano.a(lib_a-wbuf.o)
 .bss           0x20000298        0x0 C:\MCU_ARM\gcc-arm-none-eabi-10.3-2021.10\arm-none-eabi\lib\thumb\v6-m\nofp\libc_nano.a(lib_a-writer.o)
 .bss           0x20000298        0x0 C:\MCU_ARM\gcc-arm-none-eabi-10.3-2021.10\arm-none-eabi\lib\thumb\v6-m\nofp\libc_nano.a(lib_a-wsetup.o)
 .bss           0x20000298        0x0 C:\MCU_ARM\gcc-arm-none-eabi-10.3-2021.10\arm-none-eabi\lib\thumb\v6-m\nofp\libc_nano.a(lib_a-closer.o)
 .bss           0x20000298        0x0 C:\MCU_ARM\gcc-arm-none-eabi-10.3-2021.10\arm-none-eabi\lib\thumb\v6-m\nofp\libc_nano.a(lib_a-dtoa.o)
 .bss           0x20000298        0x0 C:\MCU_ARM\gcc-arm-none-eabi-10.3-2021.10\arm-none-eabi\lib\thumb\v6-m\nofp\libc_nano.a(lib_a-localeconv.o)
 .bss           0x20000298        0x0 C:\MCU_ARM\gcc-arm-none-eabi-10.3-2021.10\arm-none-eabi\lib\thumb\v6-m\nofp\libc_nano.a(lib_a-lseekr.o)
 .bss           0x20000298        0x0 C:\MCU_ARM\gcc-arm-none-eabi-10.3-2021.10\arm-none-eabi\lib\thumb\v6-m\nofp\libc_nano.a(lib_a-makebuf.o)
 .bss           0x20000298        0x0 C:\MCU_ARM\gcc-arm-none-eabi-10.3-2021.10\arm-none-eabi\lib\thumb\v6-m\nofp\libc_nano.a(lib_a-malloc.o)
 .bss           0x20000298        0x0 C:\MCU_ARM\gcc-arm-none-eabi-10.3-2021.10\arm-none-eabi\lib\thumb\v6-m\nofp\libc_nano.a(lib_a-memchr-stub.o)
 .bss           0x20000298        0x0 C:\MCU_ARM\gcc-arm-none-eabi-10.3-2021.10\arm-none-eabi\lib\thumb\v6-m\nofp\libc_nano.a(lib_a-memcpy-stub.o)
 .bss           0x20000298        0x0 C:\MCU_ARM\gcc-arm-none-eabi-10.3-2021.10\arm-none-eabi\lib\thumb\v6-m\nofp\libc_nano.a(lib_a-mlock.o)
 .bss           0x20000298        0x0 C:\MCU_ARM\gcc-arm-none-eabi-10.3-2021.10\arm-none-eabi\lib\thumb\v6-m\nofp\libc_nano.a(lib_a-mprec.o)
 .bss           0x20000298        0x0 C:\MCU_ARM\gcc-arm-none-eabi-10.3-2021.10\arm-none-eabi\lib\thumb\v6-m\nofp\libc_nano.a(lib_a-nano-callocr.o)
 .bss           0x20000298        0x0 C:\MCU_ARM\gcc-arm-none-eabi-10.3-2021.10\arm-none-eabi\lib\thumb\v6-m\nofp\libc_nano.a(lib_a-nano-svfprintf.o)
 .bss           0x20000298        0x0 C:\MCU_ARM\gcc-arm-none-eabi-10.3-2021.10\arm-none-eabi\lib\thumb\v6-m\nofp\libc_nano.a(lib_a-nano-vfprintf.o)
 .bss           0x20000298        0x0 C:\MCU_ARM\gcc-arm-none-eabi-10.3-2021.10\arm-none-eabi\lib\thumb\v6-m\nofp\libc_nano.a(lib_a-readr.o)
 .bss           0x20000298        0x0 C:\MCU_ARM\gcc-arm-none-eabi-10.3-2021.10\arm-none-eabi\lib\thumb\v6-m\nofp\libc_nano.a(lib_a-assert.o)
 .bss           0x20000298        0x0 C:\MCU_ARM\gcc-arm-none-eabi-10.3-2021.10\arm-none-eabi\lib\thumb\v6-m\nofp\libc_nano.a(lib_a-fprintf.o)
 .bss           0x20000298        0x0 C:\MCU_ARM\gcc-arm-none-eabi-10.3-2021.10\arm-none-eabi\lib\thumb\v6-m\nofp\libc_nano.a(lib_a-fstatr.o)
 .bss           0x20000298        0x0 C:\MCU_ARM\gcc-arm-none-eabi-10.3-2021.10\arm-none-eabi\lib\thumb\v6-m\nofp\libc_nano.a(lib_a-fvwrite.o)
 .bss           0x20000298        0x0 C:\MCU_ARM\gcc-arm-none-eabi-10.3-2021.10\arm-none-eabi\lib\thumb\v6-m\nofp\libc_nano.a(lib_a-isattyr.o)
 .bss           0x20000298        0x0 C:\MCU_ARM\gcc-arm-none-eabi-10.3-2021.10\arm-none-eabi\lib\thumb\v6-m\nofp\libc_nano.a(lib_a-locale.o)
 .bss._PathLocale
                0x20000298        0x4 C:\MCU_ARM\gcc-arm-none-eabi-10.3-2021.10\arm-none-eabi\lib\thumb\v6-m\nofp\libc_nano.a(lib_a-locale.o)
                0x20000298                _PathLocale
 .bss           0x2000029c        0x0 C:\MCU_ARM\gcc-arm-none-eabi-10.3-2021.10\arm-none-eabi\lib\thumb\v6-m\nofp\libc_nano.a(lib_a-mbtowc_r.o)
 .bss           0x2000029c        0x0 C:\MCU_ARM\gcc-arm-none-eabi-10.3-2021.10\arm-none-eabi\lib\thumb\v6-m\nofp\libc_nano.a(lib_a-memmove.o)
 .bss           0x2000029c        0x0 C:\MCU_ARM\gcc-arm-none-eabi-10.3-2021.10\arm-none-eabi\lib\thumb\v6-m\nofp\libc_nano.a(lib_a-nano-reallocr.o)
 .bss           0x2000029c        0x0 C:\MCU_ARM\gcc-arm-none-eabi-10.3-2021.10\arm-none-eabi\lib\thumb\v6-m\nofp\libc_nano.a(lib_a-strcmp.o)
 .bss           0x2000029c        0x0 C:\MCU_ARM\gcc-arm-none-eabi-10.3-2021.10\arm-none-eabi\lib\thumb\v6-m\nofp\libc_nano.a(lib_a-wctomb_r.o)
 .bss           0x2000029c        0x0 C:\MCU_ARM\gcc-arm-none-eabi-10.3-2021.10\arm-none-eabi\lib\thumb\v6-m\nofp\libc_nano.a(lib_a-abort.o)
 .bss           0x2000029c        0x0 C:\MCU_ARM\gcc-arm-none-eabi-10.3-2021.10\arm-none-eabi\lib\thumb\v6-m\nofp\libc_nano.a(lib_a-ctype_.o)
 .bss           0x2000029c        0x0 C:\MCU_ARM\gcc-arm-none-eabi-10.3-2021.10\arm-none-eabi\lib\thumb\v6-m\nofp\libc_nano.a(lib_a-nano-msizer.o)
 .bss           0x2000029c        0x0 C:\MCU_ARM\gcc-arm-none-eabi-10.3-2021.10\arm-none-eabi\lib\thumb\v6-m\nofp\libc_nano.a(lib_a-signal.o)
 .bss           0x2000029c        0x0 C:\MCU_ARM\gcc-arm-none-eabi-10.3-2021.10\arm-none-eabi\lib\thumb\v6-m\nofp\libc_nano.a(lib_a-signalr.o)
 .bss           0x2000029c        0x0 C:\MCU_ARM\gcc-arm-none-eabi-10.3-2021.10\lib\gcc\arm-none-eabi\10.3.1\thumb\v6-m\nofp\libgcc.a(_thumb1_case_uqi.o)
 .bss           0x2000029c        0x0 C:\MCU_ARM\gcc-arm-none-eabi-10.3-2021.10\lib\gcc\arm-none-eabi\10.3.1\thumb\v6-m\nofp\libgcc.a(_thumb1_case_shi.o)
 .bss           0x2000029c        0x0 C:\MCU_ARM\gcc-arm-none-eabi-10.3-2021.10\lib\gcc\arm-none-eabi\10.3.1\thumb\v6-m\nofp\libgcc.a(adddf3.o)
 .bss           0x2000029c        0x0 C:\MCU_ARM\gcc-arm-none-eabi-10.3-2021.10\lib\gcc\arm-none-eabi\10.3.1\thumb\v6-m\nofp\libgcc.a(unorddf2.o)
 .bss           0x2000029c        0x0 C:\MCU_ARM\gcc-arm-none-eabi-10.3-2021.10\lib\gcc\arm-none-eabi\10.3.1\thumb\v6-m\nofp\libgcc.a(floatunsidf.o)
 *(COMMON)
                0x2000029c                . = ALIGN (0x4)
                0x2000029c                _ebss = .
                [!provide]                PROVIDE (end = .)
                0x2000029c                PROVIDE (_HeapStart = .)
                0x20002000                PROVIDE (_StackTop = (ORIGIN (ram) + LENGTH (ram)))
OUTPUT(main.elf elf32-littlearm)
LOAD linker stubs

.debug_info     0x00000000     0x26ed
 .debug_info    0x00000000     0x109b main.o
 .debug_info    0x0000109b      0x3ad startup.o
 .debug_info    0x00001448      0x82d serial.o
 .debug_info    0x00001c75      0x724 newlib_stubs.o
 .debug_info    0x00002399      0x354 lcd.o

.debug_abbrev   0x00000000      0x94d
 .debug_abbrev  0x00000000      0x333 main.o
 .debug_abbrev  0x00000333      0x174 startup.o
 .debug_abbrev  0x000004a7      0x1f5 serial.o
 .debug_abbrev  0x0000069c      0x17b newlib_stubs.o
 .debug_abbrev  0x00000817      0x136 lcd.o

.debug_aranges  0x00000000       0xa8
 .debug_aranges
                0x00000000       0x20 main.o
 .debug_aranges
                0x00000020       0x28 startup.o
 .debug_aranges
                0x00000048       0x20 serial.o
 .debug_aranges
                0x00000068       0x20 newlib_stubs.o
 .debug_aranges
                0x00000088       0x20 lcd.o

.debug_line     0x00000000     0x14e6
 .debug_line    0x00000000      0x853 main.o
 .debug_line    0x00000853      0x25c startup.o
 .debug_line    0x00000aaf      0x49a serial.o
 .debug_line    0x00000f49      0x286 newlib_stubs.o
 .debug_line    0x000011cf      0x317 lcd.o

.debug_str      0x00000000      0xbff
 .debug_str     0x00000000      0x6f0 main.o
                                0x77d (size before relaxing)
 .debug_str     0x000006f0      0x10e startup.o
                                0x2a2 (size before relaxing)
 .debug_str     0x000007fe      0x173 serial.o
                                0x37a (size before relaxing)
 .debug_str     0x00000971      0x20b newlib_stubs.o
                                0x3a0 (size before relaxing)
 .debug_str     0x00000b7c       0x83 lcd.o
                                0x1e6 (size before relaxing)

.comment        0x00000000       0x49
 .comment       0x00000000       0x49 main.o
                                 0x4a (size before relaxing)
 .comment       0x00000049       0x4a startup.o
 .comment       0x00000049       0x4a serial.o
 .comment       0x00000049       0x4a newlib_stubs.o
 .comment       0x00000049       0x4a lcd.o

.ARM.attributes
                0x00000000       0x2a
 .ARM.attributes
                0x00000000       0x2c main.o
 .ARM.attributes
                0x0000002c       0x2c startup.o
 .ARM.attributes
                0x00000058       0x2c serial.o
 .ARM.attributes
                0x00000084       0x2c newlib_stubs.o
 .ARM.attributes
                0x000000b0       0x2c lcd.o
 .ARM.attributes
                0x000000dc       0x2c C:\MCU_ARM\gcc-arm-none-eabi-10.3-2021.10\arm-none-eabi\lib\thumb\v6-m\nofp\libnosys.a(errno.o)
 .ARM.attributes
                0x00000108       0x1e C:\MCU_ARM\gcc-arm-none-eabi-10.3-2021.10\lib\gcc\arm-none-eabi\10.3.1\thumb\v6-m\nofp\libgcc.a(_divsi3.o)
 .ARM.attributes
                0x00000126       0x1e C:\MCU_ARM\gcc-arm-none-eabi-10.3-2021.10\lib\gcc\arm-none-eabi\10.3.1\thumb\v6-m\nofp\libgcc.a(_dvmd_tls.o)
 .ARM.attributes
                0x00000144       0x1e C:\MCU_ARM\gcc-arm-none-eabi-10.3-2021.10\lib\gcc\arm-none-eabi\10.3.1\thumb\v6-m\nofp\libgcc.a(_arm_cmpdf2.o)
 .ARM.attributes
                0x00000162       0x2c C:\MCU_ARM\gcc-arm-none-eabi-10.3-2021.10\lib\gcc\arm-none-eabi\10.3.1\thumb\v6-m\nofp\libgcc.a(divsf3.o)
 .ARM.attributes
                0x0000018e       0x2c C:\MCU_ARM\gcc-arm-none-eabi-10.3-2021.10\lib\gcc\arm-none-eabi\10.3.1\thumb\v6-m\nofp\libgcc.a(mulsf3.o)
 .ARM.attributes
                0x000001ba       0x2c C:\MCU_ARM\gcc-arm-none-eabi-10.3-2021.10\lib\gcc\arm-none-eabi\10.3.1\thumb\v6-m\nofp\libgcc.a(subsf3.o)
 .ARM.attributes
                0x000001e6       0x2c C:\MCU_ARM\gcc-arm-none-eabi-10.3-2021.10\lib\gcc\arm-none-eabi\10.3.1\thumb\v6-m\nofp\libgcc.a(fixsfsi.o)
 .ARM.attributes
                0x00000212       0x2c C:\MCU_ARM\gcc-arm-none-eabi-10.3-2021.10\lib\gcc\arm-none-eabi\10.3.1\thumb\v6-m\nofp\libgcc.a(floatsisf.o)
 .ARM.attributes
                0x0000023e       0x2c C:\MCU_ARM\gcc-arm-none-eabi-10.3-2021.10\lib\gcc\arm-none-eabi\10.3.1\thumb\v6-m\nofp\libgcc.a(divdf3.o)
 .ARM.attributes
                0x0000026a       0x2c C:\MCU_ARM\gcc-arm-none-eabi-10.3-2021.10\lib\gcc\arm-none-eabi\10.3.1\thumb\v6-m\nofp\libgcc.a(eqdf2.o)
 .ARM.attributes
                0x00000296       0x2c C:\MCU_ARM\gcc-arm-none-eabi-10.3-2021.10\lib\gcc\arm-none-eabi\10.3.1\thumb\v6-m\nofp\libgcc.a(gedf2.o)
 .ARM.attributes
                0x000002c2       0x2c C:\MCU_ARM\gcc-arm-none-eabi-10.3-2021.10\lib\gcc\arm-none-eabi\10.3.1\thumb\v6-m\nofp\libgcc.a(ledf2.o)
 .ARM.attributes
                0x000002ee       0x2c C:\MCU_ARM\gcc-arm-none-eabi-10.3-2021.10\lib\gcc\arm-none-eabi\10.3.1\thumb\v6-m\nofp\libgcc.a(muldf3.o)
 .ARM.attributes
                0x0000031a       0x2c C:\MCU_ARM\gcc-arm-none-eabi-10.3-2021.10\lib\gcc\arm-none-eabi\10.3.1\thumb\v6-m\nofp\libgcc.a(subdf3.o)
 .ARM.attributes
                0x00000346       0x2c C:\MCU_ARM\gcc-arm-none-eabi-10.3-2021.10\lib\gcc\arm-none-eabi\10.3.1\thumb\v6-m\nofp\libgcc.a(fixdfsi.o)
 .ARM.attributes
                0x00000372       0x2c C:\MCU_ARM\gcc-arm-none-eabi-10.3-2021.10\lib\gcc\arm-none-eabi\10.3.1\thumb\v6-m\nofp\libgcc.a(floatsidf.o)
 .ARM.attributes
                0x0000039e       0x2c C:\MCU_ARM\gcc-arm-none-eabi-10.3-2021.10\lib\gcc\arm-none-eabi\10.3.1\thumb\v6-m\nofp\libgcc.a(extendsfdf2.o)
 .ARM.attributes
                0x000003ca       0x2c C:\MCU_ARM\gcc-arm-none-eabi-10.3-2021.10\lib\gcc\arm-none-eabi\10.3.1\thumb\v6-m\nofp\libgcc.a(truncdfsf2.o)
 .ARM.attributes
                0x000003f6       0x1e C:\MCU_ARM\gcc-arm-none-eabi-10.3-2021.10\lib\gcc\arm-none-eabi\10.3.1\thumb\v6-m\nofp\libgcc.a(_udivsi3.o)
 .ARM.attributes
                0x00000414       0x1e C:\MCU_ARM\gcc-arm-none-eabi-10.3-2021.10\lib\gcc\arm-none-eabi\10.3.1\thumb\v6-m\nofp\libgcc.a(_clzsi2.o)
 .ARM.attributes
                0x00000432       0x2c C:\MCU_ARM\gcc-arm-none-eabi-10.3-2021.10\arm-none-eabi\lib\thumb\v6-m\nofp\libc_nano.a(lib_a-fflush.o)
 .ARM.attributes
                0x0000045e       0x2c C:\MCU_ARM\gcc-arm-none-eabi-10.3-2021.10\arm-none-eabi\lib\thumb\v6-m\nofp\libc_nano.a(lib_a-findfp.o)
 .ARM.attributes
                0x0000048a       0x2c C:\MCU_ARM\gcc-arm-none-eabi-10.3-2021.10\arm-none-eabi\lib\thumb\v6-m\nofp\libc_nano.a(lib_a-fwalk.o)
 .ARM.attributes
                0x000004b6       0x2c C:\MCU_ARM\gcc-arm-none-eabi-10.3-2021.10\arm-none-eabi\lib\thumb\v6-m\nofp\libc_nano.a(lib_a-impure.o)
 .ARM.attributes
                0x000004e2       0x2c C:\MCU_ARM\gcc-arm-none-eabi-10.3-2021.10\arm-none-eabi\lib\thumb\v6-m\nofp\libc_nano.a(lib_a-lock.o)
 .ARM.attributes
                0x0000050e       0x2c C:\MCU_ARM\gcc-arm-none-eabi-10.3-2021.10\arm-none-eabi\lib\thumb\v6-m\nofp\libc_nano.a(lib_a-memset.o)
 .ARM.attributes
                0x0000053a       0x2c C:\MCU_ARM\gcc-arm-none-eabi-10.3-2021.10\arm-none-eabi\lib\thumb\v6-m\nofp\libc_nano.a(lib_a-nano-freer.o)
 .ARM.attributes
                0x00000566       0x2c C:\MCU_ARM\gcc-arm-none-eabi-10.3-2021.10\arm-none-eabi\lib\thumb\v6-m\nofp\libc_nano.a(lib_a-nano-mallocr.o)
 .ARM.attributes
                0x00000592       0x2c C:\MCU_ARM\gcc-arm-none-eabi-10.3-2021.10\arm-none-eabi\lib\thumb\v6-m\nofp\libc_nano.a(lib_a-nano-vfprintf_float.o)
 .ARM.attributes
                0x000005be       0x2c C:\MCU_ARM\gcc-arm-none-eabi-10.3-2021.10\arm-none-eabi\lib\thumb\v6-m\nofp\libc_nano.a(lib_a-nano-vfprintf_i.o)
 .ARM.attributes
                0x000005ea       0x2c C:\MCU_ARM\gcc-arm-none-eabi-10.3-2021.10\arm-none-eabi\lib\thumb\v6-m\nofp\libc_nano.a(lib_a-printf.o)
 .ARM.attributes
                0x00000616       0x2c C:\MCU_ARM\gcc-arm-none-eabi-10.3-2021.10\arm-none-eabi\lib\thumb\v6-m\nofp\libc_nano.a(lib_a-puts.o)
 .ARM.attributes
                0x00000642       0x2c C:\MCU_ARM\gcc-arm-none-eabi-10.3-2021.10\arm-none-eabi\lib\thumb\v6-m\nofp\libc_nano.a(lib_a-sbrkr.o)
 .ARM.attributes
                0x0000066e       0x2c C:\MCU_ARM\gcc-arm-none-eabi-10.3-2021.10\arm-none-eabi\lib\thumb\v6-m\nofp\libc_nano.a(lib_a-sprintf.o)
 .ARM.attributes
                0x0000069a       0x2c C:\MCU_ARM\gcc-arm-none-eabi-10.3-2021.10\arm-none-eabi\lib\thumb\v6-m\nofp\libc_nano.a(lib_a-stdio.o)
 .ARM.attributes
                0x000006c6       0x1c C:\MCU_ARM\gcc-arm-none-eabi-10.3-2021.10\arm-none-eabi\lib\thumb\v6-m\nofp\libc_nano.a(lib_a-strlen.o)
 .ARM.attributes
                0x000006e2       0x2c C:\MCU_ARM\gcc-arm-none-eabi-10.3-2021.10\arm-none-eabi\lib\thumb\v6-m\nofp\libc_nano.a(lib_a-wbuf.o)
 .ARM.attributes
                0x0000070e       0x2c C:\MCU_ARM\gcc-arm-none-eabi-10.3-2021.10\arm-none-eabi\lib\thumb\v6-m\nofp\libc_nano.a(lib_a-writer.o)
 .ARM.attributes
                0x0000073a       0x2c C:\MCU_ARM\gcc-arm-none-eabi-10.3-2021.10\arm-none-eabi\lib\thumb\v6-m\nofp\libc_nano.a(lib_a-wsetup.o)
 .ARM.attributes
                0x00000766       0x2c C:\MCU_ARM\gcc-arm-none-eabi-10.3-2021.10\arm-none-eabi\lib\thumb\v6-m\nofp\libc_nano.a(lib_a-closer.o)
 .ARM.attributes
                0x00000792       0x2c C:\MCU_ARM\gcc-arm-none-eabi-10.3-2021.10\arm-none-eabi\lib\thumb\v6-m\nofp\libc_nano.a(lib_a-dtoa.o)
 .ARM.attributes
                0x000007be       0x2c C:\MCU_ARM\gcc-arm-none-eabi-10.3-2021.10\arm-none-eabi\lib\thumb\v6-m\nofp\libc_nano.a(lib_a-localeconv.o)
 .ARM.attributes
                0x000007ea       0x2c C:\MCU_ARM\gcc-arm-none-eabi-10.3-2021.10\arm-none-eabi\lib\thumb\v6-m\nofp\libc_nano.a(lib_a-lseekr.o)
 .ARM.attributes
                0x00000816       0x2c C:\MCU_ARM\gcc-arm-none-eabi-10.3-2021.10\arm-none-eabi\lib\thumb\v6-m\nofp\libc_nano.a(lib_a-makebuf.o)
 .ARM.attributes
                0x00000842       0x2c C:\MCU_ARM\gcc-arm-none-eabi-10.3-2021.10\arm-none-eabi\lib\thumb\v6-m\nofp\libc_nano.a(lib_a-malloc.o)
 .ARM.attributes
                0x0000086e       0x2c C:\MCU_ARM\gcc-arm-none-eabi-10.3-2021.10\arm-none-eabi\lib\thumb\v6-m\nofp\libc_nano.a(lib_a-memchr-stub.o)
 .ARM.attributes
                0x0000089a       0x2c C:\MCU_ARM\gcc-arm-none-eabi-10.3-2021.10\arm-none-eabi\lib\thumb\v6-m\nofp\libc_nano.a(lib_a-memcpy-stub.o)
 .ARM.attributes
                0x000008c6       0x2c C:\MCU_ARM\gcc-arm-none-eabi-10.3-2021.10\arm-none-eabi\lib\thumb\v6-m\nofp\libc_nano.a(lib_a-mlock.o)
 .ARM.attributes
                0x000008f2       0x2c C:\MCU_ARM\gcc-arm-none-eabi-10.3-2021.10\arm-none-eabi\lib\thumb\v6-m\nofp\libc_nano.a(lib_a-mprec.o)
 .ARM.attributes
                0x0000091e       0x2c C:\MCU_ARM\gcc-arm-none-eabi-10.3-2021.10\arm-none-eabi\lib\thumb\v6-m\nofp\libc_nano.a(lib_a-nano-callocr.o)
 .ARM.attributes
                0x0000094a       0x2c C:\MCU_ARM\gcc-arm-none-eabi-10.3-2021.10\arm-none-eabi\lib\thumb\v6-m\nofp\libc_nano.a(lib_a-nano-svfprintf.o)
 .ARM.attributes
                0x00000976       0x2c C:\MCU_ARM\gcc-arm-none-eabi-10.3-2021.10\arm-none-eabi\lib\thumb\v6-m\nofp\libc_nano.a(lib_a-nano-vfprintf.o)
 .ARM.attributes
                0x000009a2       0x2c C:\MCU_ARM\gcc-arm-none-eabi-10.3-2021.10\arm-none-eabi\lib\thumb\v6-m\nofp\libc_nano.a(lib_a-readr.o)
 .ARM.attributes
                0x000009ce       0x2c C:\MCU_ARM\gcc-arm-none-eabi-10.3-2021.10\arm-none-eabi\lib\thumb\v6-m\nofp\libc_nano.a(lib_a-assert.o)
 .ARM.attributes
                0x000009fa       0x2c C:\MCU_ARM\gcc-arm-none-eabi-10.3-2021.10\arm-none-eabi\lib\thumb\v6-m\nofp\libc_nano.a(lib_a-fprintf.o)
 .ARM.attributes
                0x00000a26       0x2c C:\MCU_ARM\gcc-arm-none-eabi-10.3-2021.10\arm-none-eabi\lib\thumb\v6-m\nofp\libc_nano.a(lib_a-fstatr.o)
 .ARM.attributes
                0x00000a52       0x2c C:\MCU_ARM\gcc-arm-none-eabi-10.3-2021.10\arm-none-eabi\lib\thumb\v6-m\nofp\libc_nano.a(lib_a-fvwrite.o)
 .ARM.attributes
                0x00000a7e       0x2c C:\MCU_ARM\gcc-arm-none-eabi-10.3-2021.10\arm-none-eabi\lib\thumb\v6-m\nofp\libc_nano.a(lib_a-isattyr.o)
 .ARM.attributes
                0x00000aaa       0x2c C:\MCU_ARM\gcc-arm-none-eabi-10.3-2021.10\arm-none-eabi\lib\thumb\v6-m\nofp\libc_nano.a(lib_a-locale.o)
 .ARM.attributes
                0x00000ad6       0x2c C:\MCU_ARM\gcc-arm-none-eabi-10.3-2021.10\arm-none-eabi\lib\thumb\v6-m\nofp\libc_nano.a(lib_a-mbtowc_r.o)
 .ARM.attributes
                0x00000b02       0x2c C:\MCU_ARM\gcc-arm-none-eabi-10.3-2021.10\arm-none-eabi\lib\thumb\v6-m\nofp\libc_nano.a(lib_a-memmove.o)
 .ARM.attributes
                0x00000b2e       0x2c C:\MCU_ARM\gcc-arm-none-eabi-10.3-2021.10\arm-none-eabi\lib\thumb\v6-m\nofp\libc_nano.a(lib_a-nano-reallocr.o)
 .ARM.attributes
                0x00000b5a       0x1c C:\MCU_ARM\gcc-arm-none-eabi-10.3-2021.10\arm-none-eabi\lib\thumb\v6-m\nofp\libc_nano.a(lib_a-strcmp.o)
 .ARM.attributes
                0x00000b76       0x2c C:\MCU_ARM\gcc-arm-none-eabi-10.3-2021.10\arm-none-eabi\lib\thumb\v6-m\nofp\libc_nano.a(lib_a-wctomb_r.o)
 .ARM.attributes
                0x00000ba2       0x2c C:\MCU_ARM\gcc-arm-none-eabi-10.3-2021.10\arm-none-eabi\lib\thumb\v6-m\nofp\libc_nano.a(lib_a-abort.o)
 .ARM.attributes
                0x00000bce       0x2c C:\MCU_ARM\gcc-arm-none-eabi-10.3-2021.10\arm-none-eabi\lib\thumb\v6-m\nofp\libc_nano.a(lib_a-ctype_.o)
 .ARM.attributes
                0x00000bfa       0x2c C:\MCU_ARM\gcc-arm-none-eabi-10.3-2021.10\arm-none-eabi\lib\thumb\v6-m\nofp\libc_nano.a(lib_a-nano-msizer.o)
 .ARM.attributes
                0x00000c26       0x2c C:\MCU_ARM\gcc-arm-none-eabi-10.3-2021.10\arm-none-eabi\lib\thumb\v6-m\nofp\libc_nano.a(lib_a-signal.o)
 .ARM.attributes
                0x00000c52       0x2c C:\MCU_ARM\gcc-arm-none-eabi-10.3-2021.10\arm-none-eabi\lib\thumb\v6-m\nofp\libc_nano.a(lib_a-signalr.o)
 .ARM.attributes
                0x00000c7e       0x1e C:\MCU_ARM\gcc-arm-none-eabi-10.3-2021.10\lib\gcc\arm-none-eabi\10.3.1\thumb\v6-m\nofp\libgcc.a(_thumb1_case_uqi.o)
 .ARM.attributes
                0x00000c9c       0x1e C:\MCU_ARM\gcc-arm-none-eabi-10.3-2021.10\lib\gcc\arm-none-eabi\10.3.1\thumb\v6-m\nofp\libgcc.a(_thumb1_case_shi.o)
 .ARM.attributes
                0x00000cba       0x2c C:\MCU_ARM\gcc-arm-none-eabi-10.3-2021.10\lib\gcc\arm-none-eabi\10.3.1\thumb\v6-m\nofp\libgcc.a(adddf3.o)
 .ARM.attributes
                0x00000ce6       0x2c C:\MCU_ARM\gcc-arm-none-eabi-10.3-2021.10\lib\gcc\arm-none-eabi\10.3.1\thumb\v6-m\nofp\libgcc.a(unorddf2.o)
 .ARM.attributes
                0x00000d12       0x2c C:\MCU_ARM\gcc-arm-none-eabi-10.3-2021.10\lib\gcc\arm-none-eabi\10.3.1\thumb\v6-m\nofp\libgcc.a(floatunsidf.o)

.debug_frame    0x00000000     0x1b50
 .debug_frame   0x00000000      0x1d4 main.o
 .debug_frame   0x000001d4       0x94 startup.o
 .debug_frame   0x00000268      0x1e8 serial.o
 .debug_frame   0x00000450      0x228 newlib_stubs.o
 .debug_frame   0x00000678      0x128 lcd.o
 .debug_frame   0x000007a0       0x20 C:\MCU_ARM\gcc-arm-none-eabi-10.3-2021.10\lib\gcc\arm-none-eabi\10.3.1\thumb\v6-m\nofp\libgcc.a(_divsi3.o)
 .debug_frame   0x000007c0       0x38 C:\MCU_ARM\gcc-arm-none-eabi-10.3-2021.10\lib\gcc\arm-none-eabi\10.3.1\thumb\v6-m\nofp\libgcc.a(divsf3.o)
 .debug_frame   0x000007f8       0x38 C:\MCU_ARM\gcc-arm-none-eabi-10.3-2021.10\lib\gcc\arm-none-eabi\10.3.1\thumb\v6-m\nofp\libgcc.a(mulsf3.o)
 .debug_frame   0x00000830       0x38 C:\MCU_ARM\gcc-arm-none-eabi-10.3-2021.10\lib\gcc\arm-none-eabi\10.3.1\thumb\v6-m\nofp\libgcc.a(subsf3.o)
 .debug_frame   0x00000868       0x20 C:\MCU_ARM\gcc-arm-none-eabi-10.3-2021.10\lib\gcc\arm-none-eabi\10.3.1\thumb\v6-m\nofp\libgcc.a(fixsfsi.o)
 .debug_frame   0x00000888       0x30 C:\MCU_ARM\gcc-arm-none-eabi-10.3-2021.10\lib\gcc\arm-none-eabi\10.3.1\thumb\v6-m\nofp\libgcc.a(floatsisf.o)
 .debug_frame   0x000008b8       0x3c C:\MCU_ARM\gcc-arm-none-eabi-10.3-2021.10\lib\gcc\arm-none-eabi\10.3.1\thumb\v6-m\nofp\libgcc.a(divdf3.o)
 .debug_frame   0x000008f4       0x38 C:\MCU_ARM\gcc-arm-none-eabi-10.3-2021.10\lib\gcc\arm-none-eabi\10.3.1\thumb\v6-m\nofp\libgcc.a(eqdf2.o)
 .debug_frame   0x0000092c       0x34 C:\MCU_ARM\gcc-arm-none-eabi-10.3-2021.10\lib\gcc\arm-none-eabi\10.3.1\thumb\v6-m\nofp\libgcc.a(gedf2.o)
 .debug_frame   0x00000960       0x34 C:\MCU_ARM\gcc-arm-none-eabi-10.3-2021.10\lib\gcc\arm-none-eabi\10.3.1\thumb\v6-m\nofp\libgcc.a(ledf2.o)